Archive member included to satisfy reference by file (symbol)

c:/users/administrator/appdata/roaming/xpacks/@gnu-mcu-eclipse/arm-none-eabi-gcc/7.3.1-1.1.1/.content/bin/../lib/gcc/arm-none-eabi/7.3.1/thumb/v7-m\libgcc.a(_aeabi_uldivmod.o)
                              ./Drivers/STM32F4xx_HAL_Driver/Src/stm32f4xx_hal_rcc.o (__aeabi_uldivmod)
c:/users/administrator/appdata/roaming/xpacks/@gnu-mcu-eclipse/arm-none-eabi-gcc/7.3.1-1.1.1/.content/bin/../lib/gcc/arm-none-eabi/7.3.1/thumb/v7-m\libgcc.a(_udivmoddi4.o)
                              c:/users/administrator/appdata/roaming/xpacks/@gnu-mcu-eclipse/arm-none-eabi-gcc/7.3.1-1.1.1/.content/bin/../lib/gcc/arm-none-eabi/7.3.1/thumb/v7-m\libgcc.a(_aeabi_uldivmod.o) (__udivmoddi4)
c:/users/administrator/appdata/roaming/xpacks/@gnu-mcu-eclipse/arm-none-eabi-gcc/7.3.1-1.1.1/.content/bin/../lib/gcc/arm-none-eabi/7.3.1/thumb/v7-m\libgcc.a(_dvmd_tls.o)
                              c:/users/administrator/appdata/roaming/xpacks/@gnu-mcu-eclipse/arm-none-eabi-gcc/7.3.1-1.1.1/.content/bin/../lib/gcc/arm-none-eabi/7.3.1/thumb/v7-m\libgcc.a(_aeabi_uldivmod.o) (__aeabi_ldiv0)
c:/users/administrator/appdata/roaming/xpacks/@gnu-mcu-eclipse/arm-none-eabi-gcc/7.3.1-1.1.1/.content/bin/../lib/gcc/arm-none-eabi/7.3.1/../../../../arm-none-eabi/lib/thumb/v7-m\libg.a(lib_a-errno.o)
                              ./Src/syscalls.o (__errno)
c:/users/administrator/appdata/roaming/xpacks/@gnu-mcu-eclipse/arm-none-eabi-gcc/7.3.1-1.1.1/.content/bin/../lib/gcc/arm-none-eabi/7.3.1/../../../../arm-none-eabi/lib/thumb/v7-m\libg.a(lib_a-exit.o)
                              c:/users/administrator/appdata/roaming/xpacks/@gnu-mcu-eclipse/arm-none-eabi-gcc/7.3.1-1.1.1/.content/bin/../lib/gcc/arm-none-eabi/7.3.1/../../../../arm-none-eabi/lib/thumb/v7-m/crt0.o (exit)
c:/users/administrator/appdata/roaming/xpacks/@gnu-mcu-eclipse/arm-none-eabi-gcc/7.3.1-1.1.1/.content/bin/../lib/gcc/arm-none-eabi/7.3.1/../../../../arm-none-eabi/lib/thumb/v7-m\libg.a(lib_a-impure.o)
                              c:/users/administrator/appdata/roaming/xpacks/@gnu-mcu-eclipse/arm-none-eabi-gcc/7.3.1-1.1.1/.content/bin/../lib/gcc/arm-none-eabi/7.3.1/../../../../arm-none-eabi/lib/thumb/v7-m\libg.a(lib_a-exit.o) (_global_impure_ptr)
c:/users/administrator/appdata/roaming/xpacks/@gnu-mcu-eclipse/arm-none-eabi-gcc/7.3.1-1.1.1/.content/bin/../lib/gcc/arm-none-eabi/7.3.1/../../../../arm-none-eabi/lib/thumb/v7-m\libg.a(lib_a-init.o)
                              c:/users/administrator/appdata/roaming/xpacks/@gnu-mcu-eclipse/arm-none-eabi-gcc/7.3.1-1.1.1/.content/bin/../lib/gcc/arm-none-eabi/7.3.1/../../../../arm-none-eabi/lib/thumb/v7-m/crt0.o (__libc_init_array)
c:/users/administrator/appdata/roaming/xpacks/@gnu-mcu-eclipse/arm-none-eabi-gcc/7.3.1-1.1.1/.content/bin/../lib/gcc/arm-none-eabi/7.3.1/../../../../arm-none-eabi/lib/thumb/v7-m\libg.a(lib_a-memcpy.o)
                              ./BSP/WS28.o (memcpy)
c:/users/administrator/appdata/roaming/xpacks/@gnu-mcu-eclipse/arm-none-eabi-gcc/7.3.1-1.1.1/.content/bin/../lib/gcc/arm-none-eabi/7.3.1/../../../../arm-none-eabi/lib/thumb/v7-m\libg.a(lib_a-memset.o)
                              c:/users/administrator/appdata/roaming/xpacks/@gnu-mcu-eclipse/arm-none-eabi-gcc/7.3.1-1.1.1/.content/bin/../lib/gcc/arm-none-eabi/7.3.1/../../../../arm-none-eabi/lib/thumb/v7-m/crt0.o (memset)
c:/users/administrator/appdata/roaming/xpacks/@gnu-mcu-eclipse/arm-none-eabi-gcc/7.3.1-1.1.1/.content/bin/../lib/gcc/arm-none-eabi/7.3.1/../../../../arm-none-eabi/lib/thumb/v7-m\libg.a(lib_a-puts.o)
                              ./Src/main.o (puts)
c:/users/administrator/appdata/roaming/xpacks/@gnu-mcu-eclipse/arm-none-eabi-gcc/7.3.1-1.1.1/.content/bin/../lib/gcc/arm-none-eabi/7.3.1/../../../../arm-none-eabi/lib/thumb/v7-m\libg.a(lib_a-strlen-stub.o)
                              c:/users/administrator/appdata/roaming/xpacks/@gnu-mcu-eclipse/arm-none-eabi-gcc/7.3.1-1.1.1/.content/bin/../lib/gcc/arm-none-eabi/7.3.1/../../../../arm-none-eabi/lib/thumb/v7-m\libg.a(lib_a-puts.o) (strlen)
c:/users/administrator/appdata/roaming/xpacks/@gnu-mcu-eclipse/arm-none-eabi-gcc/7.3.1-1.1.1/.content/bin/../lib/gcc/arm-none-eabi/7.3.1/../../../../arm-none-eabi/lib/thumb/v7-m\libg.a(lib_a-__call_atexit.o)
                              c:/users/administrator/appdata/roaming/xpacks/@gnu-mcu-eclipse/arm-none-eabi-gcc/7.3.1-1.1.1/.content/bin/../lib/gcc/arm-none-eabi/7.3.1/../../../../arm-none-eabi/lib/thumb/v7-m\libg.a(lib_a-exit.o) (__call_exitprocs)
c:/users/administrator/appdata/roaming/xpacks/@gnu-mcu-eclipse/arm-none-eabi-gcc/7.3.1-1.1.1/.content/bin/../lib/gcc/arm-none-eabi/7.3.1/../../../../arm-none-eabi/lib/thumb/v7-m\libg.a(lib_a-atexit.o)
                              c:/users/administrator/appdata/roaming/xpacks/@gnu-mcu-eclipse/arm-none-eabi-gcc/7.3.1-1.1.1/.content/bin/../lib/gcc/arm-none-eabi/7.3.1/../../../../arm-none-eabi/lib/thumb/v7-m\libg.a(lib_a-__call_atexit.o) (atexit)
[...]
Memory Configuration

Name             Origin             Length             Attributes
RAM              0x0000000020000000 0x0000000000020000 xrw
CCMRAM           0x0000000010000000 0x0000000000010000 rw
FLASH            0x0000000008000000 0x0000000000100000 xr
*default*        0x0000000000000000 0xffffffffffffffff

Linker script and memory map

LOAD c:/users/administrator/appdata/roaming/xpacks/@gnu-mcu-eclipse/arm-none-eabi-gcc/7.3.1-1.1.1/.content/bin/../lib/gcc/arm-none-eabi/7.3.1/thumb/v7-m/crti.o
LOAD c:/users/administrator/appdata/roaming/xpacks/@gnu-mcu-eclipse/arm-none-eabi-gcc/7.3.1-1.1.1/.content/bin/../lib/gcc/arm-none-eabi/7.3.1/thumb/v7-m/crtbegin.o
LOAD c:/users/administrator/appdata/roaming/xpacks/@gnu-mcu-eclipse/arm-none-eabi-gcc/7.3.1-1.1.1/.content/bin/../lib/gcc/arm-none-eabi/7.3.1/../../../../arm-none-eabi/lib/thumb/v7-m/crt0.o
LOAD ./startup/startup_stm32f407xx.o
LOAD ./Src/main.o
LOAD ./Src/stm32f4xx_hal_msp.o
LOAD ./Src/stm32f4xx_it.o
LOAD ./Src/syscalls.o
LOAD ./Src/system_stm32f4xx.o
LOAD ./Drivers/STM32F4xx_HAL_Driver/Src/stm32f4xx_hal.o
LOAD ./Drivers/STM32F4xx_HAL_Driver/Src/stm32f4xx_hal_cortex.o
LOAD ./Drivers/STM32F4xx_HAL_Driver/Src/stm32f4xx_hal_dma.o
LOAD ./Drivers/STM32F4xx_HAL_Driver/Src/stm32f4xx_hal_dma_ex.o
LOAD ./Drivers/STM32F4xx_HAL_Driver/Src/stm32f4xx_hal_exti.o
LOAD ./Drivers/STM32F4xx_HAL_Driver/Src/stm32f4xx_hal_flash.o
LOAD ./Drivers/STM32F4xx_HAL_Driver/Src/stm32f4xx_hal_flash_ex.o
LOAD ./Drivers/STM32F4xx_HAL_Driver/Src/stm32f4xx_hal_flash_ramfunc.o
LOAD ./Drivers/STM32F4xx_HAL_Driver/Src/stm32f4xx_hal_gpio.o
LOAD ./Drivers/STM32F4xx_HAL_Driver/Src/stm32f4xx_hal_pwr.o
LOAD ./Drivers/STM32F4xx_HAL_Driver/Src/stm32f4xx_hal_pwr_ex.o
LOAD ./Drivers/STM32F4xx_HAL_Driver/Src/stm32f4xx_hal_rcc.o
LOAD ./Drivers/STM32F4xx_HAL_Driver/Src/stm32f4xx_hal_rcc_ex.o
LOAD ./Drivers/STM32F4xx_HAL_Driver/Src/stm32f4xx_hal_spi.o
LOAD ./Drivers/STM32F4xx_HAL_Driver/Src/stm32f4xx_hal_tim.o
LOAD ./Drivers/STM32F4xx_HAL_Driver/Src/stm32f4xx_hal_tim_ex.o
LOAD ./Drivers/STM32F4xx_HAL_Driver/Src/stm32f4xx_hal_uart.o
LOAD ./BSP/WS28.o
START GROUP
LOAD c:/users/administrator/appdata/roaming/xpacks/@gnu-mcu-eclipse/arm-none-eabi-gcc/7.3.1-1.1.1/.content/bin/../lib/gcc/arm-none-eabi/7.3.1/thumb/v7-m\libgcc.a
LOAD c:/users/administrator/appdata/roaming/xpacks/@gnu-mcu-eclipse/arm-none-eabi-gcc/7.3.1-1.1.1/.content/bin/../lib/gcc/arm-none-eabi/7.3.1/../../../../arm-none-eabi/lib/thumb/v7-m\libg.a
LOAD c:/users/administrator/appdata/roaming/xpacks/@gnu-mcu-eclipse/arm-none-eabi-gcc/7.3.1-1.1.1/.content/bin/../lib/gcc/arm-none-eabi/7.3.1/../../../../arm-none-eabi/lib/thumb/v7-m\libc.a
END GROUP
LOAD c:/users/administrator/appdata/roaming/xpacks/@gnu-mcu-eclipse/arm-none-eabi-gcc/7.3.1-1.1.1/.content/bin/../lib/gcc/arm-none-eabi/7.3.1/thumb/v7-m/crtend.o
LOAD c:/users/administrator/appdata/roaming/xpacks/@gnu-mcu-eclipse/arm-none-eabi-gcc/7.3.1-1.1.1/.content/bin/../lib/gcc/arm-none-eabi/7.3.1/thumb/v7-m/crtn.o
                0x0000000020020000                _estack = 0x20020000
                0x0000000000000200                _Min_Heap_Size = 0x200
                0x0000000000000400                _Min_Stack_Size = 0x400

.isr_vector     0x0000000008000000      0x188
                0x0000000008000000                . = ALIGN (0x4)
 *(.isr_vector)
 .isr_vector    0x0000000008000000      0x188 ./startup/startup_stm32f407xx.o
                0x0000000008000000                g_pfnVectors
                0x0000000008000188                . = ALIGN (0x4)

.text           0x0000000008000188     0x5118
                0x0000000008000188                . = ALIGN (0x4)
 *(.text)
 .text          0x0000000008000188       0x30 c:/users/administrator/appdata/roaming/xpacks/@gnu-mcu-eclipse/arm-none-eabi-gcc/7.3.1-1.1.1/.content/bin/../lib/gcc/arm-none-eabi/7.3.1/thumb/v7-m\libgcc.a(_aeabi_uldivmod.o)
                0x0000000008000188                __aeabi_uldivmod
 .text          0x00000000080001b8        0x4 c:/users/administrator/appdata/roaming/xpacks/@gnu-mcu-eclipse/arm-none-eabi-gcc/7.3.1-1.1.1/.content/bin/../lib/gcc/arm-none-eabi/7.3.1/thumb/v7-m\libgcc.a(_dvmd_tls.o)
                0x00000000080001b8                __aeabi_idiv0
                0x00000000080001b8                __aeabi_ldiv0
 .text          0x00000000080001bc       0xec c:/users/administrator/appdata/roaming/xpacks/@gnu-mcu-eclipse/arm-none-eabi-gcc/7.3.1-1.1.1/.content/bin/../lib/gcc/arm-none-eabi/7.3.1/../../../../arm-none-eabi/lib/thumb/v7-m\libg.a(lib_a-memcpy.o)
                0x00000000080001bc                memcpy
 *(.text*)
 .text.deregister_tm_clones
                0x00000000080002a8       0x1c c:/users/administrator/appdata/roaming/xpacks/@gnu-mcu-eclipse/arm-none-eabi-gcc/7.3.1-1.1.1/.content/bin/../lib/gcc/arm-none-eabi/7.3.1/thumb/v7-m/crtbegin.o
 .text.register_tm_clones
                0x00000000080002c4       0x24 c:/users/administrator/appdata/roaming/xpacks/@gnu-mcu-eclipse/arm-none-eabi-gcc/7.3.1-1.1.1/.content/bin/../lib/gcc/arm-none-eabi/7.3.1/thumb/v7-m/crtbegin.o
 .text.__do_global_dtors_aux
                0x00000000080002e8       0x28 c:/users/administrator/appdata/roaming/xpacks/@gnu-mcu-eclipse/arm-none-eabi-gcc/7.3.1-1.1.1/.content/bin/../lib/gcc/arm-none-eabi/7.3.1/thumb/v7-m/crtbegin.o
 .text.frame_dummy
                0x0000000008000310       0x24 c:/users/administrator/appdata/roaming/xpacks/@gnu-mcu-eclipse/arm-none-eabi-gcc/7.3.1-1.1.1/.content/bin/../lib/gcc/arm-none-eabi/7.3.1/thumb/v7-m/crtbegin.o
 .text.Reset_Handler
                0x0000000008000334       0x50 ./startup/startup_stm32f407xx.o
                0x0000000008000334                Reset_Handler
 .text.Default_Handler
                0x0000000008000384        0x2 ./startup/startup_stm32f407xx.o
                0x0000000008000384                RTC_Alarm_IRQHandler
                0x0000000008000384                HASH_RNG_IRQHandler
                0x0000000008000384                EXTI2_IRQHandler
                0x0000000008000384                TIM8_CC_IRQHandler
                0x0000000008000384                TIM1_CC_IRQHandler
                0x0000000008000384                DMA2_Stream5_IRQHandler
                0x0000000008000384                DMA1_Stream5_IRQHandler
                0x0000000008000384                PVD_IRQHandler
                0x0000000008000384                SDIO_IRQHandler
                0x0000000008000384                TAMP_STAMP_IRQHandler
                0x0000000008000384                CAN2_RX1_IRQHandler
                0x0000000008000384                EXTI3_IRQHandler
                0x0000000008000384                TIM8_TRG_COM_TIM14_IRQHandler
                0x0000000008000384                TIM1_UP_TIM10_IRQHandler
                0x0000000008000384                TIM8_UP_TIM13_IRQHandler
                0x0000000008000384                I2C3_ER_IRQHandler
                0x0000000008000384                EXTI0_IRQHandler
                0x0000000008000384                I2C2_EV_IRQHandler
                0x0000000008000384                DMA1_Stream2_IRQHandler
                0x0000000008000384                CAN1_RX0_IRQHandler
                0x0000000008000384                FPU_IRQHandler
                0x0000000008000384                OTG_HS_WKUP_IRQHandler
                0x0000000008000384                CAN2_SCE_IRQHandler
                0x0000000008000384                DMA2_Stream2_IRQHandler
                0x0000000008000384                TIM6_DAC_IRQHandler
                0x0000000008000384                TIM1_BRK_TIM9_IRQHandler
                0x0000000008000384                DCMI_IRQHandler
                0x0000000008000384                CAN2_RX0_IRQHandler
                0x0000000008000384                USART6_IRQHandler
                0x0000000008000384                USART3_IRQHandler
                0x0000000008000384                CAN1_RX1_IRQHandler
                0x0000000008000384                UART5_IRQHandler
                0x0000000008000384                DMA2_Stream0_IRQHandler
                0x0000000008000384                TIM4_IRQHandler
                0x0000000008000384                I2C1_EV_IRQHandler
                0x0000000008000384                DMA1_Stream6_IRQHandler
                0x0000000008000384                DMA1_Stream1_IRQHandler
                0x0000000008000384                UART4_IRQHandler
                0x0000000008000384                TIM3_IRQHandler
                0x0000000008000384                RCC_IRQHandler
                0x0000000008000384                TIM8_BRK_TIM12_IRQHandler
                0x0000000008000384                Default_Handler
                0x0000000008000384                EXTI15_10_IRQHandler
                0x0000000008000384                ADC_IRQHandler
                0x0000000008000384                DMA1_Stream7_IRQHandler
                0x0000000008000384                TIM7_IRQHandler
                0x0000000008000384                CAN2_TX_IRQHandler
                0x0000000008000384                TIM5_IRQHandler
                0x0000000008000384                DMA2_Stream7_IRQHandler
                0x0000000008000384                I2C3_EV_IRQHandler
                0x0000000008000384                EXTI9_5_IRQHandler
                0x0000000008000384                RTC_WKUP_IRQHandler
                0x0000000008000384                ETH_WKUP_IRQHandler
                0x0000000008000384                SPI2_IRQHandler
                0x0000000008000384                OTG_HS_EP1_IN_IRQHandler
                0x0000000008000384                DMA1_Stream0_IRQHandler
                0x0000000008000384                CAN1_TX_IRQHandler
                0x0000000008000384                EXTI4_IRQHandler
                0x0000000008000384                FSMC_IRQHandler
                0x0000000008000384                ETH_IRQHandler
                0x0000000008000384                OTG_HS_EP1_OUT_IRQHandler
                0x0000000008000384                WWDG_IRQHandler
                0x0000000008000384                TIM2_IRQHandler
                0x0000000008000384                OTG_FS_WKUP_IRQHandler
                0x0000000008000384                TIM1_TRG_COM_TIM11_IRQHandler
                0x0000000008000384                OTG_HS_IRQHandler
                0x0000000008000384                EXTI1_IRQHandler
                0x0000000008000384                USART2_IRQHandler
                0x0000000008000384                I2C2_ER_IRQHandler
                0x0000000008000384                DMA2_Stream1_IRQHandler
                0x0000000008000384                CAN1_SCE_IRQHandler
                0x0000000008000384                FLASH_IRQHandler
                0x0000000008000384                DMA2_Stream4_IRQHandler
                0x0000000008000384                OTG_FS_IRQHandler
                0x0000000008000384                SPI3_IRQHandler
                0x0000000008000384                DMA1_Stream4_IRQHandler
                0x0000000008000384                I2C1_ER_IRQHandler
                0x0000000008000384                DMA2_Stream6_IRQHandler
                0x0000000008000384                DMA1_Stream3_IRQHandler
 *fill*         0x0000000008000386        0x2 
 .text._write   0x0000000008000388       0x74 ./Src/main.o
                0x0000000008000388                _write
 .text.main     0x00000000080003fc       0xc0 ./Src/main.o
                0x00000000080003fc                main
 .text.SystemClock_Config
                0x00000000080004bc       0xd0 ./Src/main.o
                0x00000000080004bc                SystemClock_Config
 .text.MX_SPI1_Init
                0x000000000800058c       0x6c ./Src/main.o
 .text.MX_USART1_UART_Init
                0x00000000080005f8       0x54 ./Src/main.o
 .text.MX_DMA_Init
                0x000000000800064c       0x40 ./Src/main.o
 .text.MX_GPIO_Init
                0x000000000800068c       0x74 ./Src/main.o
 .text.Error_Handler
                0x0000000008000700        0xc ./Src/main.o
                0x0000000008000700                Error_Handler
 .text.HAL_MspInit
                0x000000000800070c       0x4c ./Src/stm32f4xx_hal_msp.o
                0x000000000800070c                HAL_MspInit
 .text.HAL_SPI_MspInit
                0x0000000008000758      0x104 ./Src/stm32f4xx_hal_msp.o
                0x0000000008000758                HAL_SPI_MspInit
 .text.HAL_UART_MspInit
                0x000000000800085c       0xa0 ./Src/stm32f4xx_hal_msp.o
                0x000000000800085c                HAL_UART_MspInit
 .text.NMI_Handler
                0x00000000080008fc        0xc ./Src/stm32f4xx_it.o
                0x00000000080008fc                NMI_Handler
 .text.HardFault_Handler
                0x0000000008000908        0x6 ./Src/stm32f4xx_it.o
                0x0000000008000908                HardFault_Handler
 .text.MemManage_Handler
                0x000000000800090e        0x6 ./Src/stm32f4xx_it.o
                0x000000000800090e                MemManage_Handler
 .text.BusFault_Handler
                0x0000000008000914        0x6 ./Src/stm32f4xx_it.o
                0x0000000008000914                BusFault_Handler
 .text.UsageFault_Handler
                0x000000000800091a        0x6 ./Src/stm32f4xx_it.o
                0x000000000800091a                UsageFault_Handler
 .text.SVC_Handler
                0x0000000008000920        0xc ./Src/stm32f4xx_it.o
                0x0000000008000920                SVC_Handler
 .text.DebugMon_Handler
                0x000000000800092c        0xc ./Src/stm32f4xx_it.o
                0x000000000800092c                DebugMon_Handler
 .text.PendSV_Handler
                0x0000000008000938        0xc ./Src/stm32f4xx_it.o
                0x0000000008000938                PendSV_Handler
 .text.SysTick_Handler
                0x0000000008000944        0xc ./Src/stm32f4xx_it.o
                0x0000000008000944                SysTick_Handler
 .text.SPI1_IRQHandler
                0x0000000008000950       0x14 ./Src/stm32f4xx_it.o
                0x0000000008000950                SPI1_IRQHandler
 .text.USART1_IRQHandler
                0x0000000008000964       0x14 ./Src/stm32f4xx_it.o
                0x0000000008000964                USART1_IRQHandler
 .text.DMA2_Stream3_IRQHandler
                0x0000000008000978       0x14 ./Src/stm32f4xx_it.o
                0x0000000008000978                DMA2_Stream3_IRQHandler
 .text._read    0x000000000800098c       0x3a ./Src/syscalls.o
                0x000000000800098c                _read
 *fill*         0x00000000080009c6        0x2 
 .text._sbrk    0x00000000080009c8       0x58 ./Src/syscalls.o
                0x00000000080009c8                _sbrk
 .text._close   0x0000000008000a20       0x16 ./Src/syscalls.o
                0x0000000008000a20                _close
 .text._fstat   0x0000000008000a36       0x1e ./Src/syscalls.o
                0x0000000008000a36                _fstat
 .text._isatty  0x0000000008000a54       0x14 ./Src/syscalls.o
                0x0000000008000a54                _isatty
 .text._lseek   0x0000000008000a68       0x18 ./Src/syscalls.o
                0x0000000008000a68                _lseek
 .text.SystemInit
                0x0000000008000a80       0x5c ./Src/system_stm32f4xx.o
                0x0000000008000a80                SystemInit
 .text.HAL_Init
                0x0000000008000adc       0x44 ./Drivers/STM32F4xx_HAL_Driver/Src/stm32f4xx_hal.o
                0x0000000008000adc                HAL_Init
 .text.HAL_InitTick
                0x0000000008000b20       0x60 ./Drivers/STM32F4xx_HAL_Driver/Src/stm32f4xx_hal.o
                0x0000000008000b20                HAL_InitTick
 .text.HAL_IncTick
                0x0000000008000b80       0x24 ./Drivers/STM32F4xx_HAL_Driver/Src/stm32f4xx_hal.o
                0x0000000008000b80                HAL_IncTick
 .text.HAL_GetTick
                0x0000000008000ba4       0x14 ./Drivers/STM32F4xx_HAL_Driver/Src/stm32f4xx_hal.o
                0x0000000008000ba4                HAL_GetTick
 .text.HAL_Delay
                0x0000000008000bb8       0x44 ./Drivers/STM32F4xx_HAL_Driver/Src/stm32f4xx_hal.o
                0x0000000008000bb8                HAL_Delay
 .text.__NVIC_SetPriorityGrouping
                0x0000000008000bfc       0x48 ./Drivers/STM32F4xx_HAL_Driver/Src/stm32f4xx_hal_cortex.o
 .text.__NVIC_GetPriorityGrouping
                0x0000000008000c44       0x1c ./Drivers/STM32F4xx_HAL_Driver/Src/stm32f4xx_hal_cortex.o
 .text.__NVIC_EnableIRQ
                0x0000000008000c60       0x38 ./Drivers/STM32F4xx_HAL_Driver/Src/stm32f4xx_hal_cortex.o
 .text.__NVIC_SetPriority
                0x0000000008000c98       0x54 ./Drivers/STM32F4xx_HAL_Driver/Src/stm32f4xx_hal_cortex.o
 .text.NVIC_EncodePriority
                0x0000000008000cec       0x64 ./Drivers/STM32F4xx_HAL_Driver/Src/stm32f4xx_hal_cortex.o
 .text.SysTick_Config
                0x0000000008000d50       0x44 ./Drivers/STM32F4xx_HAL_Driver/Src/stm32f4xx_hal_cortex.o
 .text.HAL_NVIC_SetPriorityGrouping
                0x0000000008000d94       0x16 ./Drivers/STM32F4xx_HAL_Driver/Src/stm32f4xx_hal_cortex.o
                0x0000000008000d94                HAL_NVIC_SetPriorityGrouping
 .text.HAL_NVIC_SetPriority
                0x0000000008000daa       0x38 ./Drivers/STM32F4xx_HAL_Driver/Src/stm32f4xx_hal_cortex.o
                0x0000000008000daa                HAL_NVIC_SetPriority
 .text.HAL_NVIC_EnableIRQ
                0x0000000008000de2       0x1c ./Drivers/STM32F4xx_HAL_Driver/Src/stm32f4xx_hal_cortex.o
                0x0000000008000de2                HAL_NVIC_EnableIRQ
 .text.HAL_SYSTICK_Config
                0x0000000008000dfe       0x18 ./Drivers/STM32F4xx_HAL_Driver/Src/stm32f4xx_hal_cortex.o
                0x0000000008000dfe                HAL_SYSTICK_Config
 *fill*         0x0000000008000e16        0x2 
 .text.HAL_DMA_Init
                0x0000000008000e18      0x15c ./Drivers/STM32F4xx_HAL_Driver/Src/stm32f4xx_hal_dma.o
                0x0000000008000e18                HAL_DMA_Init
 .text.HAL_DMA_Start_IT
                0x0000000008000f74       0xc0 ./Drivers/STM32F4xx_HAL_Driver/Src/stm32f4xx_hal_dma.o
                0x0000000008000f74                HAL_DMA_Start_IT
 .text.HAL_DMA_Abort_IT
                0x0000000008001034       0x42 ./Drivers/STM32F4xx_HAL_Driver/Src/stm32f4xx_hal_dma.o
                0x0000000008001034                HAL_DMA_Abort_IT
 *fill*         0x0000000008001076        0x2 
 .text.HAL_DMA_IRQHandler
                0x0000000008001078      0x314 ./Drivers/STM32F4xx_HAL_Driver/Src/stm32f4xx_hal_dma.o
                0x0000000008001078                HAL_DMA_IRQHandler
 .text.DMA_SetConfig
                0x000000000800138c       0x5a ./Drivers/STM32F4xx_HAL_Driver/Src/stm32f4xx_hal_dma.o
 *fill*         0x00000000080013e6        0x2 
 .text.DMA_CalcBaseAndBitshift
                0x00000000080013e8       0x68 ./Drivers/STM32F4xx_HAL_Driver/Src/stm32f4xx_hal_dma.o
 .text.DMA_CheckFifoParam
                0x0000000008001450       0xf4 ./Drivers/STM32F4xx_HAL_Driver/Src/stm32f4xx_hal_dma.o
 .text.HAL_GPIO_Init
                0x0000000008001544      0x334 ./Drivers/STM32F4xx_HAL_Driver/Src/stm32f4xx_hal_gpio.o
                0x0000000008001544                HAL_GPIO_Init
 .text.HAL_GPIO_WritePin
                0x0000000008001878       0x30 ./Drivers/STM32F4xx_HAL_Driver/Src/stm32f4xx_hal_gpio.o
                0x0000000008001878                HAL_GPIO_WritePin
 .text.HAL_RCC_OscConfig
                0x00000000080018a8      0x484 ./Drivers/STM32F4xx_HAL_Driver/Src/stm32f4xx_hal_rcc.o
                0x00000000080018a8                HAL_RCC_OscConfig
 .text.HAL_RCC_ClockConfig
                0x0000000008001d2c      0x1c4 ./Drivers/STM32F4xx_HAL_Driver/Src/stm32f4xx_hal_rcc.o
                0x0000000008001d2c                HAL_RCC_ClockConfig
 .text.HAL_RCC_GetSysClockFreq
                0x0000000008001ef0      0x164 ./Drivers/STM32F4xx_HAL_Driver/Src/stm32f4xx_hal_rcc.o
                0x0000000008001ef0                HAL_RCC_GetSysClockFreq
 .text.HAL_RCC_GetHCLKFreq
                0x0000000008002054       0x14 ./Drivers/STM32F4xx_HAL_Driver/Src/stm32f4xx_hal_rcc.o
                0x0000000008002054                HAL_RCC_GetHCLKFreq
 .text.HAL_RCC_GetPCLK1Freq
                0x0000000008002068       0x28 ./Drivers/STM32F4xx_HAL_Driver/Src/stm32f4xx_hal_rcc.o
                0x0000000008002068                HAL_RCC_GetPCLK1Freq
 .text.HAL_RCC_GetPCLK2Freq
                0x0000000008002090       0x28 ./Drivers/STM32F4xx_HAL_Driver/Src/stm32f4xx_hal_rcc.o
                0x0000000008002090                HAL_RCC_GetPCLK2Freq
 .text.HAL_SPI_Init
                0x00000000080020b8       0xc8 ./Drivers/STM32F4xx_HAL_Driver/Src/stm32f4xx_hal_spi.o
                0x00000000080020b8                HAL_SPI_Init
 .text.HAL_SPI_Transmit_DMA
                0x0000000008002180      0x15c ./Drivers/STM32F4xx_HAL_Driver/Src/stm32f4xx_hal_spi.o
                0x0000000008002180                HAL_SPI_Transmit_DMA
 .text.HAL_SPI_IRQHandler
                0x00000000080022dc      0x200 ./Drivers/STM32F4xx_HAL_Driver/Src/stm32f4xx_hal_spi.o
                0x00000000080022dc                HAL_SPI_IRQHandler
 .text.HAL_SPI_TxCpltCallback
                0x00000000080024dc       0x12 ./Drivers/STM32F4xx_HAL_Driver/Src/stm32f4xx_hal_spi.o
                0x00000000080024dc                HAL_SPI_TxCpltCallback
 .text.HAL_SPI_TxHalfCpltCallback
                0x00000000080024ee       0x12 ./Drivers/STM32F4xx_HAL_Driver/Src/stm32f4xx_hal_spi.o
                0x00000000080024ee                HAL_SPI_TxHalfCpltCallback
 .text.HAL_SPI_ErrorCallback
                0x0000000008002500       0x12 ./Drivers/STM32F4xx_HAL_Driver/Src/stm32f4xx_hal_spi.o
                0x0000000008002500                HAL_SPI_ErrorCallback
 .text.HAL_SPI_GetState
                0x0000000008002512       0x1a ./Drivers/STM32F4xx_HAL_Driver/Src/stm32f4xx_hal_spi.o
                0x0000000008002512                HAL_SPI_GetState
 .text.SPI_DMATransmitCplt
                0x000000000800252c       0xa8 ./Drivers/STM32F4xx_HAL_Driver/Src/stm32f4xx_hal_spi.o
 .text.SPI_DMAHalfTransmitCplt
                0x00000000080025d4       0x1c ./Drivers/STM32F4xx_HAL_Driver/Src/stm32f4xx_hal_spi.o
 .text.SPI_DMAError
                0x00000000080025f0       0x40 ./Drivers/STM32F4xx_HAL_Driver/Src/stm32f4xx_hal_spi.o
 .text.SPI_DMAAbortOnError
                0x0000000008002630       0x28 ./Drivers/STM32F4xx_HAL_Driver/Src/stm32f4xx_hal_spi.o
 .text.SPI_WaitFlagStateUntilTimeout
                0x0000000008002658       0xd4 ./Drivers/STM32F4xx_HAL_Driver/Src/stm32f4xx_hal_spi.o
 .text.SPI_EndRxTxTransaction
                0x000000000800272c       0x3c ./Drivers/STM32F4xx_HAL_Driver/Src/stm32f4xx_hal_spi.o
 .text.HAL_UART_Init
                0x0000000008002768       0x9a ./Drivers/STM32F4xx_HAL_Driver/Src/stm32f4xx_hal_uart.o
                0x0000000008002768                HAL_UART_Init
 .text.HAL_UART_Transmit
                0x0000000008002802      0x132 ./Drivers/STM32F4xx_HAL_Driver/Src/stm32f4xx_hal_uart.o
                0x0000000008002802                HAL_UART_Transmit
 .text.HAL_UART_IRQHandler
                0x0000000008002934      0x1f8 ./Drivers/STM32F4xx_HAL_Driver/Src/stm32f4xx_hal_uart.o
                0x0000000008002934                HAL_UART_IRQHandler
 .text.HAL_UART_TxCpltCallback
                0x0000000008002b2c       0x12 ./Drivers/STM32F4xx_HAL_Driver/Src/stm32f4xx_hal_uart.o
                0x0000000008002b2c                HAL_UART_TxCpltCallback
 .text.HAL_UART_RxCpltCallback
                0x0000000008002b3e       0x12 ./Drivers/STM32F4xx_HAL_Driver/Src/stm32f4xx_hal_uart.o
                0x0000000008002b3e                HAL_UART_RxCpltCallback
 .text.HAL_UART_ErrorCallback
                0x0000000008002b50       0x12 ./Drivers/STM32F4xx_HAL_Driver/Src/stm32f4xx_hal_uart.o
                0x0000000008002b50                HAL_UART_ErrorCallback
 .text.UART_WaitOnFlagUntilTimeout
                0x0000000008002b62       0x94 ./Drivers/STM32F4xx_HAL_Driver/Src/stm32f4xx_hal_uart.o
 .text.UART_EndRxTransfer
                0x0000000008002bf6       0x3a ./Drivers/STM32F4xx_HAL_Driver/Src/stm32f4xx_hal_uart.o
 .text.UART_DMAAbortOnError
                0x0000000008002c30       0x28 ./Drivers/STM32F4xx_HAL_Driver/Src/stm32f4xx_hal_uart.o
 .text.UART_Transmit_IT
                0x0000000008002c58       0xaa ./Drivers/STM32F4xx_HAL_Driver/Src/stm32f4xx_hal_uart.o
 .text.UART_EndTransmit_IT
                0x0000000008002d02       0x30 ./Drivers/STM32F4xx_HAL_Driver/Src/stm32f4xx_hal_uart.o
 .text.UART_Receive_IT
                0x0000000008002d32      0x102 ./Drivers/STM32F4xx_HAL_Driver/Src/stm32f4xx_hal_uart.o
 .text.UART_SetConfig
                0x0000000008002e34      0x414 ./Drivers/STM32F4xx_HAL_Driver/Src/stm32f4xx_hal_uart.o
 .text.Sw28_Init
                0x0000000008003248       0x70 ./BSP/WS28.o
                0x0000000008003248                Sw28_Init
 .text.Sw28_AllBlock
                0x00000000080032b8       0x28 ./BSP/WS28.o
                0x00000000080032b8                Sw28_AllBlock
 .text.Sw28_SetPixelsColor
                0x00000000080032e0       0xa8 ./BSP/WS28.o
                0x00000000080032e0                Sw28_SetPixelsColor
 .text.Sw28_Color
                0x0000000008003388       0x2a ./BSP/WS28.o
                0x0000000008003388                Sw28_Color
 *fill*         0x00000000080033b2        0x2 
 .text.Sw28_Show
                0x00000000080033b4       0x5c ./BSP/WS28.o
                0x00000000080033b4                Sw28_Show
 .text.Wheel    0x0000000008003410       0x9a ./BSP/WS28.o
                0x0000000008003410                Wheel
 .text.rainbow  0x00000000080034aa       0x72 ./BSP/WS28.o
                0x00000000080034aa                rainbow
 .text.theaterChase
                0x000000000800351c       0xb8 ./BSP/WS28.o
                0x000000000800351c                theaterChase
 .text.colorWipe
                0x00000000080035d4       0x52 ./BSP/WS28.o
                0x00000000080035d4                colorWipe
 *fill*         0x0000000008003626        0x2 
 .text.__udivmoddi4
                0x0000000008003628      0x2d0 c:/users/administrator/appdata/roaming/xpacks/@gnu-mcu-eclipse/arm-none-eabi-gcc/7.3.1-1.1.1/.content/bin/../lib/gcc/arm-none-eabi/7.3.1/thumb/v7-m\libgcc.a(_udivmoddi4.o)
                0x0000000008003628                __udivmoddi4
 .text.__errno  0x00000000080038f8        0xc c:/users/administrator/appdata/roaming/xpacks/@gnu-mcu-eclipse/arm-none-eabi-gcc/7.3.1-1.1.1/.content/bin/../lib/gcc/arm-none-eabi/7.3.1/../../../../arm-none-eabi/lib/thumb/v7-m\libg.a(lib_a-errno.o)
                0x00000000080038f8                __errno
 .text.__libc_init_array
                0x0000000008003904       0x48 c:/users/administrator/appdata/roaming/xpacks/@gnu-mcu-eclipse/arm-none-eabi-gcc/7.3.1-1.1.1/.content/bin/../lib/gcc/arm-none-eabi/7.3.1/../../../../arm-none-eabi/lib/thumb/v7-m\libg.a(lib_a-init.o)
                0x0000000008003904                __libc_init_array
 .text.memset   0x000000000800394c       0x94 c:/users/administrator/appdata/roaming/xpacks/@gnu-mcu-eclipse/arm-none-eabi-gcc/7.3.1-1.1.1/.content/bin/../lib/gcc/arm-none-eabi/7.3.1/../../../../arm-none-eabi/lib/thumb/v7-m\libg.a(lib_a-memset.o)
                0x000000000800394c                memset
 .text._puts_r  0x00000000080039e0       0x9c c:/users/administrator/appdata/roaming/xpacks/@gnu-mcu-eclipse/arm-none-eabi-gcc/7.3.1-1.1.1/.content/bin/../lib/gcc/arm-none-eabi/7.3.1/../../../../arm-none-eabi/lib/thumb/v7-m\libg.a(lib_a-puts.o)
                0x00000000080039e0                _puts_r
 .text.puts     0x0000000008003a7c       0x10 c:/users/administrator/appdata/roaming/xpacks/@gnu-mcu-eclipse/arm-none-eabi-gcc/7.3.1-1.1.1/.content/bin/../lib/gcc/arm-none-eabi/7.3.1/../../../../arm-none-eabi/lib/thumb/v7-m\libg.a(lib_a-puts.o)
                0x0000000008003a7c                puts
 .text.strlen   0x0000000008003a8c       0x5c c:/users/administrator/appdata/roaming/xpacks/@gnu-mcu-eclipse/arm-none-eabi-gcc/7.3.1-1.1.1/.content/bin/../lib/gcc/arm-none-eabi/7.3.1/../../../../arm-none-eabi/lib/thumb/v7-m\libg.a(lib_a-strlen-stub.o)
                0x0000000008003a8c                strlen
 .text.startup.register_fini
                0x0000000008003ae8       0x14 c:/users/administrator/appdata/roaming/xpacks/@gnu-mcu-eclipse/arm-none-eabi-gcc/7.3.1-1.1.1/.content/bin/../lib/gcc/arm-none-eabi/7.3.1/../../../../arm-none-eabi/lib/thumb/v7-m\libg.a(lib_a-__call_atexit.o)
 .text.atexit   0x0000000008003afc        0xc c:/users/administrator/appdata/roaming/xpacks/@gnu-mcu-eclipse/arm-none-eabi-gcc/7.3.1-1.1.1/.content/bin/../lib/gcc/arm-none-eabi/7.3.1/../../../../arm-none-eabi/lib/thumb/v7-m\libg.a(lib_a-atexit.o)
                0x0000000008003afc                atexit
 .text.std      0x0000000008003b08       0x50 c:/users/administrator/appdata/roaming/xpacks/@gnu-mcu-eclipse/arm-none-eabi-gcc/7.3.1-1.1.1/.content/bin/../lib/gcc/arm-none-eabi/7.3.1/../../../../arm-none-eabi/lib/thumb/v7-m\libg.a(lib_a-findfp.o)
 .text._cleanup_r
                0x0000000008003b58        0xc c:/users/administrator/appdata/roaming/xpacks/@gnu-mcu-eclipse/arm-none-eabi-gcc/7.3.1-1.1.1/.content/bin/../lib/gcc/arm-none-eabi/7.3.1/../../../../arm-none-eabi/lib/thumb/v7-m\libg.a(lib_a-findfp.o)
                0x0000000008003b58                _cleanup_r
 .text.__sinit  0x0000000008003b64       0x60 c:/users/administrator/appdata/roaming/xpacks/@gnu-mcu-eclipse/arm-none-eabi-gcc/7.3.1-1.1.1/.content/bin/../lib/gcc/arm-none-eabi/7.3.1/../../../../arm-none-eabi/lib/thumb/v7-m\libg.a(lib_a-findfp.o)
                0x0000000008003b64                __sinit
 .text.__sfp_lock_acquire
                0x0000000008003bc4        0xc c:/users/administrator/appdata/roaming/xpacks/@gnu-mcu-eclipse/arm-none-eabi-gcc/7.3.1-1.1.1/.content/bin/../lib/gcc/arm-none-eabi/7.3.1/../../../../arm-none-eabi/lib/thumb/v7-m\libg.a(lib_a-findfp.o)
                0x0000000008003bc4                __sfp_lock_acquire
 .text.__sfp_lock_release
                0x0000000008003bd0        0xc c:/users/administrator/appdata/roaming/xpacks/@gnu-mcu-eclipse/arm-none-eabi-gcc/7.3.1-1.1.1/.content/bin/../lib/gcc/arm-none-eabi/7.3.1/../../../../arm-none-eabi/lib/thumb/v7-m\libg.a(lib_a-findfp.o)
                0x0000000008003bd0                __sfp_lock_release
 .text.__libc_fini_array
                0x0000000008003bdc       0x34 c:/users/administrator/appdata/roaming/xpacks/@gnu-mcu-eclipse/arm-none-eabi-gcc/7.3.1-1.1.1/.content/bin/../lib/gcc/arm-none-eabi/7.3.1/../../../../arm-none-eabi/lib/thumb/v7-m\libg.a(lib_a-fini.o)
                0x0000000008003bdc                __libc_fini_array
 .text.__sfvwrite_r
                0x0000000008003c10      0x2f4 c:/users/administrator/appdata/roaming/xpacks/@gnu-mcu-eclipse/arm-none-eabi-gcc/7.3.1-1.1.1/.content/bin/../lib/gcc/arm-none-eabi/7.3.1/../../../../arm-none-eabi/lib/thumb/v7-m\libg.a(lib_a-fvwrite.o)
                0x0000000008003c10                __sfvwrite_r
 .text._fwalk_reent
                0x0000000008003f04       0x50 c:/users/administrator/appdata/roaming/xpacks/@gnu-mcu-eclipse/arm-none-eabi-gcc/7.3.1-1.1.1/.content/bin/../lib/gcc/arm-none-eabi/7.3.1/../../../../arm-none-eabi/lib/thumb/v7-m\libg.a(lib_a-fwalk.o)
                0x0000000008003f04                _fwalk_reent
 .text.__retarget_lock_init_recursive
                0x0000000008003f54        0x4 c:/users/administrator/appdata/roaming/xpacks/@gnu-mcu-eclipse/arm-none-eabi-gcc/7.3.1-1.1.1/.content/bin/../lib/gcc/arm-none-eabi/7.3.1/../../../../arm-none-eabi/lib/thumb/v7-m\libg.a(lib_a-lock.o)
                0x0000000008003f54                __retarget_lock_init_recursive
 .text.__retarget_lock_close_recursive
                0x0000000008003f58        0x4 c:/users/administrator/appdata/roaming/xpacks/@gnu-mcu-eclipse/arm-none-eabi-gcc/7.3.1-1.1.1/.content/bin/../lib/gcc/arm-none-eabi/7.3.1/../../../../arm-none-eabi/lib/thumb/v7-m\libg.a(lib_a-lock.o)
                0x0000000008003f58                __retarget_lock_close_recursive
 .text.__retarget_lock_acquire_recursive
                0x0000000008003f5c        0x4 c:/users/administrator/appdata/roaming/xpacks/@gnu-mcu-eclipse/arm-none-eabi-gcc/7.3.1-1.1.1/.content/bin/../lib/gcc/arm-none-eabi/7.3.1/../../../../arm-none-eabi/lib/thumb/v7-m\libg.a(lib_a-lock.o)
                0x0000000008003f5c                __retarget_lock_acquire_recursive
 .text.__retarget_lock_release_recursive
                0x0000000008003f60        0x4 c:/users/administrator/appdata/roaming/xpacks/@gnu-mcu-eclipse/arm-none-eabi-gcc/7.3.1-1.1.1/.content/bin/../lib/gcc/arm-none-eabi/7.3.1/../../../../arm-none-eabi/lib/thumb/v7-m\libg.a(lib_a-lock.o)
                0x0000000008003f60                __retarget_lock_release_recursive
 .text._malloc_r
                0x0000000008003f64      0x524 c:/users/administrator/appdata/roaming/xpacks/@gnu-mcu-eclipse/arm-none-eabi-gcc/7.3.1-1.1.1/.content/bin/../lib/gcc/arm-none-eabi/7.3.1/../../../../arm-none-eabi/lib/thumb/v7-m\libg.a(lib_a-mallocr.o)
                0x0000000008003f64                _malloc_r
 .text.memchr   0x0000000008004488       0x8c c:/users/administrator/appdata/roaming/xpacks/@gnu-mcu-eclipse/arm-none-eabi-gcc/7.3.1-1.1.1/.content/bin/../lib/gcc/arm-none-eabi/7.3.1/../../../../arm-none-eabi/lib/thumb/v7-m\libg.a(lib_a-memchr-stub.o)
                0x0000000008004488                memchr
 .text.memmove  0x0000000008004514       0xc4 c:/users/administrator/appdata/roaming/xpacks/@gnu-mcu-eclipse/arm-none-eabi-gcc/7.3.1-1.1.1/.content/bin/../lib/gcc/arm-none-eabi/7.3.1/../../../../arm-none-eabi/lib/thumb/v7-m\libg.a(lib_a-memmove.o)
                0x0000000008004514                memmove
 .text.__malloc_lock
                0x00000000080045d8        0xc c:/users/administrator/appdata/roaming/xpacks/@gnu-mcu-eclipse/arm-none-eabi-gcc/7.3.1-1.1.1/.content/bin/../lib/gcc/arm-none-eabi/7.3.1/../../../../arm-none-eabi/lib/thumb/v7-m\libg.a(lib_a-mlock.o)
                0x00000000080045d8                __malloc_lock
 .text.__malloc_unlock
                0x00000000080045e4        0xc c:/users/administrator/appdata/roaming/xpacks/@gnu-mcu-eclipse/arm-none-eabi-gcc/7.3.1-1.1.1/.content/bin/../lib/gcc/arm-none-eabi/7.3.1/../../../../arm-none-eabi/lib/thumb/v7-m\libg.a(lib_a-mlock.o)
                0x00000000080045e4                __malloc_unlock
 .text._realloc_r
                0x00000000080045f0      0x374 c:/users/administrator/appdata/roaming/xpacks/@gnu-mcu-eclipse/arm-none-eabi-gcc/7.3.1-1.1.1/.content/bin/../lib/gcc/arm-none-eabi/7.3.1/../../../../arm-none-eabi/lib/thumb/v7-m\libg.a(lib_a-reallocr.o)
                0x00000000080045f0                _realloc_r
 .text._sbrk_r  0x0000000008004964       0x24 c:/users/administrator/appdata/roaming/xpacks/@gnu-mcu-eclipse/arm-none-eabi-gcc/7.3.1-1.1.1/.content/bin/../lib/gcc/arm-none-eabi/7.3.1/../../../../arm-none-eabi/lib/thumb/v7-m\libg.a(lib_a-sbrkr.o)
                0x0000000008004964                _sbrk_r
 .text.__sread  0x0000000008004988       0x24 c:/users/administrator/appdata/roaming/xpacks/@gnu-mcu-eclipse/arm-none-eabi-gcc/7.3.1-1.1.1/.content/bin/../lib/gcc/arm-none-eabi/7.3.1/../../../../arm-none-eabi/lib/thumb/v7-m\libg.a(lib_a-stdio.o)
                0x0000000008004988                __sread
 .text.__swrite
                0x00000000080049ac       0x3c c:/users/administrator/appdata/roaming/xpacks/@gnu-mcu-eclipse/arm-none-eabi-gcc/7.3.1-1.1.1/.content/bin/../lib/gcc/arm-none-eabi/7.3.1/../../../../arm-none-eabi/lib/thumb/v7-m\libg.a(lib_a-stdio.o)
                0x00000000080049ac                __swrite
 .text.__sseek  0x00000000080049e8       0x20 c:/users/administrator/appdata/roaming/xpacks/@gnu-mcu-eclipse/arm-none-eabi-gcc/7.3.1-1.1.1/.content/bin/../lib/gcc/arm-none-eabi/7.3.1/../../../../arm-none-eabi/lib/thumb/v7-m\libg.a(lib_a-stdio.o)
                0x00000000080049e8                __sseek
 .text.__sclose
                0x0000000008004a08        0x8 c:/users/administrator/appdata/roaming/xpacks/@gnu-mcu-eclipse/arm-none-eabi-gcc/7.3.1-1.1.1/.content/bin/../lib/gcc/arm-none-eabi/7.3.1/../../../../arm-none-eabi/lib/thumb/v7-m\libg.a(lib_a-stdio.o)
                0x0000000008004a08                __sclose
 .text._write_r
                0x0000000008004a10       0x2c c:/users/administrator/appdata/roaming/xpacks/@gnu-mcu-eclipse/arm-none-eabi-gcc/7.3.1-1.1.1/.content/bin/../lib/gcc/arm-none-eabi/7.3.1/../../../../arm-none-eabi/lib/thumb/v7-m\libg.a(lib_a-writer.o)
                0x0000000008004a10                _write_r
 .text.__swsetup_r
                0x0000000008004a3c       0xcc c:/users/administrator/appdata/roaming/xpacks/@gnu-mcu-eclipse/arm-none-eabi-gcc/7.3.1-1.1.1/.content/bin/../lib/gcc/arm-none-eabi/7.3.1/../../../../arm-none-eabi/lib/thumb/v7-m\libg.a(lib_a-wsetup.o)
                0x0000000008004a3c                __swsetup_r
 .text.__register_exitproc
                0x0000000008004b08       0xc0 c:/users/administrator/appdata/roaming/xpacks/@gnu-mcu-eclipse/arm-none-eabi-gcc/7.3.1-1.1.1/.content/bin/../lib/gcc/arm-none-eabi/7.3.1/../../../../arm-none-eabi/lib/thumb/v7-m\libg.a(lib_a-__atexit.o)
                0x0000000008004b08                __register_exitproc
 .text._close_r
                0x0000000008004bc8       0x24 c:/users/administrator/appdata/roaming/xpacks/@gnu-mcu-eclipse/arm-none-eabi-gcc/7.3.1-1.1.1/.content/bin/../lib/gcc/arm-none-eabi/7.3.1/../../../../arm-none-eabi/lib/thumb/v7-m\libg.a(lib_a-closer.o)
                0x0000000008004bc8                _close_r
 .text._fclose_r
                0x0000000008004bec       0xd0 c:/users/administrator/appdata/roaming/xpacks/@gnu-mcu-eclipse/arm-none-eabi-gcc/7.3.1-1.1.1/.content/bin/../lib/gcc/arm-none-eabi/7.3.1/../../../../arm-none-eabi/lib/thumb/v7-m\libg.a(lib_a-fclose.o)
                0x0000000008004bec                _fclose_r
 .text.__sflush_r
                0x0000000008004cbc      0x154 c:/users/administrator/appdata/roaming/xpacks/@gnu-mcu-eclipse/arm-none-eabi-gcc/7.3.1-1.1.1/.content/bin/../lib/gcc/arm-none-eabi/7.3.1/../../../../arm-none-eabi/lib/thumb/v7-m\libg.a(lib_a-fflush.o)
                0x0000000008004cbc                __sflush_r
 .text._fflush_r
                0x0000000008004e10       0x5c c:/users/administrator/appdata/roaming/xpacks/@gnu-mcu-eclipse/arm-none-eabi-gcc/7.3.1-1.1.1/.content/bin/../lib/gcc/arm-none-eabi/7.3.1/../../../../arm-none-eabi/lib/thumb/v7-m\libg.a(lib_a-fflush.o)
                0x0000000008004e10                _fflush_r
 .text._malloc_trim_r
                0x0000000008004e6c       0xa0 c:/users/administrator/appdata/roaming/xpacks/@gnu-mcu-eclipse/arm-none-eabi-gcc/7.3.1-1.1.1/.content/bin/../lib/gcc/arm-none-eabi/7.3.1/../../../../arm-none-eabi/lib/thumb/v7-m\libg.a(lib_a-freer.o)
                0x0000000008004e6c                _malloc_trim_r
 .text._free_r  0x0000000008004f0c      0x1e8 c:/users/administrator/appdata/roaming/xpacks/@gnu-mcu-eclipse/arm-none-eabi-gcc/7.3.1-1.1.1/.content/bin/../lib/gcc/arm-none-eabi/7.3.1/../../../../arm-none-eabi/lib/thumb/v7-m\libg.a(lib_a-freer.o)
                0x0000000008004f0c                _free_r
 .text._lseek_r
                0x00000000080050f4       0x2c c:/users/administrator/appdata/roaming/xpacks/@gnu-mcu-eclipse/arm-none-eabi-gcc/7.3.1-1.1.1/.content/bin/../lib/gcc/arm-none-eabi/7.3.1/../../../../arm-none-eabi/lib/thumb/v7-m\libg.a(lib_a-lseekr.o)
                0x00000000080050f4                _lseek_r
 .text.__swhatbuf_r
                0x0000000008005120       0x5c c:/users/administrator/appdata/roaming/xpacks/@gnu-mcu-eclipse/arm-none-eabi-gcc/7.3.1-1.1.1/.content/bin/../lib/gcc/arm-none-eabi/7.3.1/../../../../arm-none-eabi/lib/thumb/v7-m\libg.a(lib_a-makebuf.o)
                0x0000000008005120                __swhatbuf_r
 .text.__smakebuf_r
                0x000000000800517c       0x94 c:/users/administrator/appdata/roaming/xpacks/@gnu-mcu-eclipse/arm-none-eabi-gcc/7.3.1-1.1.1/.content/bin/../lib/gcc/arm-none-eabi/7.3.1/../../../../arm-none-eabi/lib/thumb/v7-m\libg.a(lib_a-makebuf.o)
                0x000000000800517c                __smakebuf_r
 .text._read_r  0x0000000008005210       0x2c c:/users/administrator/appdata/roaming/xpacks/@gnu-mcu-eclipse/arm-none-eabi-gcc/7.3.1-1.1.1/.content/bin/../lib/gcc/arm-none-eabi/7.3.1/../../../../arm-none-eabi/lib/thumb/v7-m\libg.a(lib_a-readr.o)
                0x0000000008005210                _read_r
 .text._fstat_r
                0x000000000800523c       0x28 c:/users/administrator/appdata/roaming/xpacks/@gnu-mcu-eclipse/arm-none-eabi-gcc/7.3.1-1.1.1/.content/bin/../lib/gcc/arm-none-eabi/7.3.1/../../../../arm-none-eabi/lib/thumb/v7-m\libg.a(lib_a-fstatr.o)
                0x000000000800523c                _fstat_r
 .text._isatty_r
                0x0000000008005264       0x24 c:/users/administrator/appdata/roaming/xpacks/@gnu-mcu-eclipse/arm-none-eabi-gcc/7.3.1-1.1.1/.content/bin/../lib/gcc/arm-none-eabi/7.3.1/../../../../arm-none-eabi/lib/thumb/v7-m\libg.a(lib_a-isattyr.o)
                0x0000000008005264                _isatty_r
 *(.glue_7)
 .glue_7        0x0000000008005288        0x0 linker stubs
 *(.glue_7t)
 .glue_7t       0x0000000008005288        0x0 linker stubs
 *(.eh_frame)
 .eh_frame      0x0000000008005288        0x0 c:/users/administrator/appdata/roaming/xpacks/@gnu-mcu-eclipse/arm-none-eabi-gcc/7.3.1-1.1.1/.content/bin/../lib/gcc/arm-none-eabi/7.3.1/thumb/v7-m/crtbegin.o
 *(.init)
 .init          0x0000000008005288        0x4 c:/users/administrator/appdata/roaming/xpacks/@gnu-mcu-eclipse/arm-none-eabi-gcc/7.3.1-1.1.1/.content/bin/../lib/gcc/arm-none-eabi/7.3.1/thumb/v7-m/crti.o
                0x0000000008005288                _init
 .init          0x000000000800528c        0x8 c:/users/administrator/appdata/roaming/xpacks/@gnu-mcu-eclipse/arm-none-eabi-gcc/7.3.1-1.1.1/.content/bin/../lib/gcc/arm-none-eabi/7.3.1/thumb/v7-m/crtn.o
 *(.fini)
 .fini          0x0000000008005294        0x4 c:/users/administrator/appdata/roaming/xpacks/@gnu-mcu-eclipse/arm-none-eabi-gcc/7.3.1-1.1.1/.content/bin/../lib/gcc/arm-none-eabi/7.3.1/thumb/v7-m/crti.o
                0x0000000008005294                _fini
 .fini          0x0000000008005298        0x8 c:/users/administrator/appdata/roaming/xpacks/@gnu-mcu-eclipse/arm-none-eabi-gcc/7.3.1-1.1.1/.content/bin/../lib/gcc/arm-none-eabi/7.3.1/thumb/v7-m/crtn.o
                0x00000000080052a0                . = ALIGN (0x4)
                0x00000000080052a0                _etext = .

.vfp11_veneer   0x00000000080052a0        0x0
 .vfp11_veneer  0x00000000080052a0        0x0 linker stubs

.v4_bx          0x00000000080052a0        0x0
 .v4_bx         0x00000000080052a0        0x0 linker stubs

.iplt           0x00000000080052a0        0x0
 .iplt          0x00000000080052a0        0x0 c:/users/administrator/appdata/roaming/xpacks/@gnu-mcu-eclipse/arm-none-eabi-gcc/7.3.1-1.1.1/.content/bin/../lib/gcc/arm-none-eabi/7.3.1/thumb/v7-m/crtbegin.o

.rodata         0x00000000080052a0       0x54
                0x00000000080052a0                . = ALIGN (0x4)
 *(.rodata)
 .rodata        0x00000000080052a0       0x2a ./Src/main.o
 *(.rodata*)
 *fill*         0x00000000080052ca        0x2 
 .rodata.AHBPrescTable
                0x00000000080052cc       0x10 ./Src/system_stm32f4xx.o
                0x00000000080052cc                AHBPrescTable
 .rodata.APBPrescTable
                0x00000000080052dc        0x8 ./Src/system_stm32f4xx.o
                0x00000000080052dc                APBPrescTable
 .rodata.flagBitshiftOffset.6164
                0x00000000080052e4        0x8 ./Drivers/STM32F4xx_HAL_Driver/Src/stm32f4xx_hal_dma.o
 .rodata._global_impure_ptr
                0x00000000080052ec        0x4 c:/users/administrator/appdata/roaming/xpacks/@gnu-mcu-eclipse/arm-none-eabi-gcc/7.3.1-1.1.1/.content/bin/../lib/gcc/arm-none-eabi/7.3.1/../../../../arm-none-eabi/lib/thumb/v7-m\libg.a(lib_a-impure.o)
                0x00000000080052ec                _global_impure_ptr
 .rodata._puts_r.str1.4
                0x00000000080052f0        0x4 c:/users/administrator/appdata/roaming/xpacks/@gnu-mcu-eclipse/arm-none-eabi-gcc/7.3.1-1.1.1/.content/bin/../lib/gcc/arm-none-eabi/7.3.1/../../../../arm-none-eabi/lib/thumb/v7-m\libg.a(lib_a-puts.o)
                                          0x2 (size before relaxing)
                0x00000000080052f4                . = ALIGN (0x4)

.ARM.extab
 *(.ARM.extab* .gnu.linkonce.armextab.*)

.ARM            0x00000000080052f4        0x8
                0x00000000080052f4                __exidx_start = .
 *(.ARM.exidx*)
 .ARM.exidx.text.__udivmoddi4
                0x00000000080052f4        0x8 c:/users/administrator/appdata/roaming/xpacks/@gnu-mcu-eclipse/arm-none-eabi-gcc/7.3.1-1.1.1/.content/bin/../lib/gcc/arm-none-eabi/7.3.1/thumb/v7-m\libgcc.a(_udivmoddi4.o)
                0x00000000080052fc                __exidx_end = .

.rel.dyn        0x00000000080052fc        0x0
 .rel.iplt      0x00000000080052fc        0x0 c:/users/administrator/appdata/roaming/xpacks/@gnu-mcu-eclipse/arm-none-eabi-gcc/7.3.1-1.1.1/.content/bin/../lib/gcc/arm-none-eabi/7.3.1/thumb/v7-m/crtbegin.o

.preinit_array  0x00000000080052fc        0x0
                0x00000000080052fc                PROVIDE (__preinit_array_start = .)
 *(.preinit_array*)
                0x00000000080052fc                PROVIDE (__preinit_array_end = .)

.init_array     0x00000000080052fc        0x8
                0x00000000080052fc                PROVIDE (__init_array_start = .)
 *(SORT_BY_NAME(.init_array.*))
 .init_array.00000
                0x00000000080052fc        0x4 c:/users/administrator/appdata/roaming/xpacks/@gnu-mcu-eclipse/arm-none-eabi-gcc/7.3.1-1.1.1/.content/bin/../lib/gcc/arm-none-eabi/7.3.1/../../../../arm-none-eabi/lib/thumb/v7-m\libg.a(lib_a-__call_atexit.o)
 *(.init_array*)
 .init_array    0x0000000008005300        0x4 c:/users/administrator/appdata/roaming/xpacks/@gnu-mcu-eclipse/arm-none-eabi-gcc/7.3.1-1.1.1/.content/bin/../lib/gcc/arm-none-eabi/7.3.1/thumb/v7-m/crtbegin.o
                0x0000000008005304                PROVIDE (__init_array_end = .)

.fini_array     0x0000000008005304        0x4
                0x0000000008005304                PROVIDE (__fini_array_start = .)
 *(SORT_BY_NAME(.fini_array.*))
 *(.fini_array*)
 .fini_array    0x0000000008005304        0x4 c:/users/administrator/appdata/roaming/xpacks/@gnu-mcu-eclipse/arm-none-eabi-gcc/7.3.1-1.1.1/.content/bin/../lib/gcc/arm-none-eabi/7.3.1/thumb/v7-m/crtbegin.o
                0x0000000008005308                PROVIDE (__fini_array_end = .)
                0x0000000008005308                _sidata = LOADADDR (.data)

.data           0x0000000020000000      0xc14 load address 0x0000000008005308
                0x0000000020000000                . = ALIGN (0x4)
                0x0000000020000000                _sdata = .
 *(.data)
 *(.data*)
 .data.SystemCoreClock
                0x0000000020000000        0x4 ./Src/system_stm32f4xx.o
                0x0000000020000000                SystemCoreClock
 .data.uwTickPrio
                0x0000000020000004        0x4 ./Drivers/STM32F4xx_HAL_Driver/Src/stm32f4xx_hal.o
                0x0000000020000004                uwTickPrio
 .data.uwTickFreq
                0x0000000020000008        0x1 ./Drivers/STM32F4xx_HAL_Driver/Src/stm32f4xx_hal.o
                0x0000000020000008                uwTickFreq
 *fill*         0x0000000020000009        0x3 
 .data.buff_a   0x000000002000000c      0x1e1 ./BSP/WS28.o
 *fill*         0x00000000200001ed        0x3 
 .data.buff_b   0x00000000200001f0      0x1e1 ./BSP/WS28.o
 *fill*         0x00000000200003d1        0x3 
 .data._impure_ptr
                0x00000000200003d4        0x4 c:/users/administrator/appdata/roaming/xpacks/@gnu-mcu-eclipse/arm-none-eabi-gcc/7.3.1-1.1.1/.content/bin/../lib/gcc/arm-none-eabi/7.3.1/../../../../arm-none-eabi/lib/thumb/v7-m\libg.a(lib_a-impure.o)
                0x00000000200003d4                _impure_ptr
 .data.impure_data
                0x00000000200003d8      0x428 c:/users/administrator/appdata/roaming/xpacks/@gnu-mcu-eclipse/arm-none-eabi-gcc/7.3.1-1.1.1/.content/bin/../lib/gcc/arm-none-eabi/7.3.1/../../../../arm-none-eabi/lib/thumb/v7-m\libg.a(lib_a-impure.o)
 .data.__atexit_recursive_mutex
                0x0000000020000800        0x4 c:/users/administrator/appdata/roaming/xpacks/@gnu-mcu-eclipse/arm-none-eabi-gcc/7.3.1-1.1.1/.content/bin/../lib/gcc/arm-none-eabi/7.3.1/../../../../arm-none-eabi/lib/thumb/v7-m\libg.a(lib_a-__call_atexit.o)
                0x0000000020000800                __atexit_recursive_mutex
 .data.__malloc_av_
                0x0000000020000804      0x408 c:/users/administrator/appdata/roaming/xpacks/@gnu-mcu-eclipse/arm-none-eabi-gcc/7.3.1-1.1.1/.content/bin/../lib/gcc/arm-none-eabi/7.3.1/../../../../arm-none-eabi/lib/thumb/v7-m\libg.a(lib_a-mallocr.o)
                0x0000000020000804                __malloc_av_
 .data.__malloc_sbrk_base
                0x0000000020000c0c        0x4 c:/users/administrator/appdata/roaming/xpacks/@gnu-mcu-eclipse/arm-none-eabi-gcc/7.3.1-1.1.1/.content/bin/../lib/gcc/arm-none-eabi/7.3.1/../../../../arm-none-eabi/lib/thumb/v7-m\libg.a(lib_a-mallocr.o)
                0x0000000020000c0c                __malloc_sbrk_base
 .data.__malloc_trim_threshold
                0x0000000020000c10        0x4 c:/users/administrator/appdata/roaming/xpacks/@gnu-mcu-eclipse/arm-none-eabi-gcc/7.3.1-1.1.1/.content/bin/../lib/gcc/arm-none-eabi/7.3.1/../../../../arm-none-eabi/lib/thumb/v7-m\libg.a(lib_a-mallocr.o)
                0x0000000020000c10                __malloc_trim_threshold
                0x0000000020000c14                . = ALIGN (0x4)
                0x0000000020000c14                _edata = .
                0x0000000008005f1c                _siccmram = LOADADDR (.ccmram)

.tm_clone_table
                0x0000000020000c14        0x0 load address 0x0000000008005f1c
 .tm_clone_table
                0x0000000020000c14        0x0 c:/users/administrator/appdata/roaming/xpacks/@gnu-mcu-eclipse/arm-none-eabi-gcc/7.3.1-1.1.1/.content/bin/../lib/gcc/arm-none-eabi/7.3.1/thumb/v7-m/crtbegin.o
 .tm_clone_table
                0x0000000020000c14        0x0 c:/users/administrator/appdata/roaming/xpacks/@gnu-mcu-eclipse/arm-none-eabi-gcc/7.3.1-1.1.1/.content/bin/../lib/gcc/arm-none-eabi/7.3.1/thumb/v7-m/crtend.o

.igot.plt       0x0000000020000c14        0x0 load address 0x0000000008005f1c
 .igot.plt      0x0000000020000c14        0x0 c:/users/administrator/appdata/roaming/xpacks/@gnu-mcu-eclipse/arm-none-eabi-gcc/7.3.1-1.1.1/.content/bin/../lib/gcc/arm-none-eabi/7.3.1/thumb/v7-m/crtbegin.o

.ccmram         0x0000000010000000        0x0 load address 0x0000000008005f1c
                0x0000000010000000                . = ALIGN (0x4)
                0x0000000010000000                _sccmram = .
 *(.ccmram)
 *(.ccmram*)
                0x0000000010000000                . = ALIGN (0x4)
                0x0000000010000000                _eccmram = .
                0x0000000010000000                . = ALIGN (0x4)

.bss            0x0000000020000c14      0x188
                0x0000000020000c14                _sbss = .
                0x0000000020000c14                __bss_start__ = _sbss
 *(.bss)
 *(.bss*)
 .bss.completed.6486
                0x0000000020000c14        0x1 c:/users/administrator/appdata/roaming/xpacks/@gnu-mcu-eclipse/arm-none-eabi-gcc/7.3.1-1.1.1/.content/bin/../lib/gcc/arm-none-eabi/7.3.1/thumb/v7-m/crtbegin.o
 *fill*         0x0000000020000c15        0x3 
 .bss.object.6491
                0x0000000020000c18       0x18 c:/users/administrator/appdata/roaming/xpacks/@gnu-mcu-eclipse/arm-none-eabi-gcc/7.3.1-1.1.1/.content/bin/../lib/gcc/arm-none-eabi/7.3.1/thumb/v7-m/crtbegin.o
 .bss.heap_end.5959
                0x0000000020000c30        0x4 ./Src/syscalls.o
 .bss.__malloc_current_mallinfo
                0x0000000020000c34       0x28 c:/users/administrator/appdata/roaming/xpacks/@gnu-mcu-eclipse/arm-none-eabi-gcc/7.3.1-1.1.1/.content/bin/../lib/gcc/arm-none-eabi/7.3.1/../../../../arm-none-eabi/lib/thumb/v7-m\libg.a(lib_a-mallocr.o)
                0x0000000020000c34                __malloc_current_mallinfo
 .bss.__malloc_max_sbrked_mem
                0x0000000020000c5c        0x4 c:/users/administrator/appdata/roaming/xpacks/@gnu-mcu-eclipse/arm-none-eabi-gcc/7.3.1-1.1.1/.content/bin/../lib/gcc/arm-none-eabi/7.3.1/../../../../arm-none-eabi/lib/thumb/v7-m\libg.a(lib_a-mallocr.o)
                0x0000000020000c5c                __malloc_max_sbrked_mem
 .bss.__malloc_max_total_mem
                0x0000000020000c60        0x4 c:/users/administrator/appdata/roaming/xpacks/@gnu-mcu-eclipse/arm-none-eabi-gcc/7.3.1-1.1.1/.content/bin/../lib/gcc/arm-none-eabi/7.3.1/../../../../arm-none-eabi/lib/thumb/v7-m\libg.a(lib_a-mallocr.o)
                0x0000000020000c60                __malloc_max_total_mem
 .bss.__malloc_top_pad
                0x0000000020000c64        0x4 c:/users/administrator/appdata/roaming/xpacks/@gnu-mcu-eclipse/arm-none-eabi-gcc/7.3.1-1.1.1/.content/bin/../lib/gcc/arm-none-eabi/7.3.1/../../../../arm-none-eabi/lib/thumb/v7-m\libg.a(lib_a-mallocr.o)
                0x0000000020000c64                __malloc_top_pad
 *(COMMON)
 COMMON         0x0000000020000c68       0xf8 ./Src/main.o
                0x0000000020000c68                huart1
                0x0000000020000ca8                hspi1
                0x0000000020000d00                hdma_spi1_tx
 COMMON         0x0000000020000d60        0x4 ./Drivers/STM32F4xx_HAL_Driver/Src/stm32f4xx_hal.o
                0x0000000020000d60                uwTick
 COMMON         0x0000000020000d64       0x10 ./BSP/WS28.o
                0x0000000020000d64                hsw28
 COMMON         0x0000000020000d74       0x21 c:/users/administrator/appdata/roaming/xpacks/@gnu-mcu-eclipse/arm-none-eabi-gcc/7.3.1-1.1.1/.content/bin/../lib/gcc/arm-none-eabi/7.3.1/../../../../arm-none-eabi/lib/thumb/v7-m\libg.a(lib_a-lock.o)
                0x0000000020000d74                __lock___atexit_recursive_mutex
                0x0000000020000d78                __lock___arc4random_mutex
                0x0000000020000d7c                __lock___env_recursive_mutex
                0x0000000020000d80                __lock___sinit_recursive_mutex
                0x0000000020000d84                __lock___malloc_recursive_mutex
                0x0000000020000d88                __lock___at_quick_exit_mutex
                0x0000000020000d8c                __lock___dd_hash_mutex
                0x0000000020000d90                __lock___tz_mutex
                0x0000000020000d94                __lock___sfp_recursive_mutex
 *fill*         0x0000000020000d95        0x3 
 COMMON         0x0000000020000d98        0x4 c:/users/administrator/appdata/roaming/xpacks/@gnu-mcu-eclipse/arm-none-eabi-gcc/7.3.1-1.1.1/.content/bin/../lib/gcc/arm-none-eabi/7.3.1/../../../../arm-none-eabi/lib/thumb/v7-m\libg.a(lib_a-reent.o)
                0x0000000020000d98                errno
                0x0000000020000d9c                . = ALIGN (0x4)
                0x0000000020000d9c                _ebss = .
                0x0000000020000d9c                __bss_end__ = _ebss

._user_heap_stack
                0x0000000020000d9c      0x600
                0x0000000020000d9c                . = ALIGN (0x4)
                0x0000000020000d9c                PROVIDE (end = .)
                [!provide]                        PROVIDE (_end = .)
                0x0000000020000f9c                . = (. + _Min_Heap_Size)
 *fill*         0x0000000020000d9c      0x200 
                0x000000002000139c                . = (. + _Min_Stack_Size)
 *fill*         0x0000000020000f9c      0x400 
                0x000000002000139c                . = ALIGN (0x4)

/DISCARD/
 libc.a(*)
 libm.a(*)
 libgcc.a(*)

.ARM.attributes
                0x0000000000000000       0x2f
 *(.ARM.attributes)
 .ARM.attributes
                0x0000000000000000       0x1d c:/users/administrator/appdata/roaming/xpacks/@gnu-mcu-eclipse/arm-none-eabi-gcc/7.3.1-1.1.1/.content/bin/../lib/gcc/arm-none-eabi/7.3.1/thumb/v7-m/crti.o
 .ARM.attributes
                0x000000000000001d       0x2d c:/users/administrator/appdata/roaming/xpacks/@gnu-mcu-eclipse/arm-none-eabi-gcc/7.3.1-1.1.1/.content/bin/../lib/gcc/arm-none-eabi/7.3.1/thumb/v7-m/crtbegin.o
 .ARM.attributes
                0x000000000000004a       0x21 ./startup/startup_stm32f407xx.o
 .ARM.attributes
                0x000000000000006b       0x33 ./Src/main.o
 .ARM.attributes
                0x000000000000009e       0x33 ./Src/stm32f4xx_hal_msp.o
 .ARM.attributes
                0x00000000000000d1       0x33 ./Src/stm32f4xx_it.o
 .ARM.attributes
                0x0000000000000104       0x33 ./Src/syscalls.o
 .ARM.attributes
                0x0000000000000137       0x33 ./Src/system_stm32f4xx.o
 .ARM.attributes
                0x000000000000016a       0x33 ./Drivers/STM32F4xx_HAL_Driver/Src/stm32f4xx_hal.o
 .ARM.attributes
                0x000000000000019d       0x33 ./Drivers/STM32F4xx_HAL_Driver/Src/stm32f4xx_hal_cortex.o
 .ARM.attributes
                0x00000000000001d0       0x33 ./Drivers/STM32F4xx_HAL_Driver/Src/stm32f4xx_hal_dma.o
 .ARM.attributes
                0x0000000000000203       0x33 ./Drivers/STM32F4xx_HAL_Driver/Src/stm32f4xx_hal_gpio.o
 .ARM.attributes
                0x0000000000000236       0x33 ./Drivers/STM32F4xx_HAL_Driver/Src/stm32f4xx_hal_rcc.o
 .ARM.attributes
                0x0000000000000269       0x33 ./Drivers/STM32F4xx_HAL_Driver/Src/stm32f4xx_hal_spi.o
 .ARM.attributes
                0x000000000000029c       0x33 ./Drivers/STM32F4xx_HAL_Driver/Src/stm32f4xx_hal_uart.o
 .ARM.attributes
                0x00000000000002cf       0x33 ./BSP/WS28.o
 .ARM.attributes
                0x0000000000000302       0x1d c:/users/administrator/appdata/roaming/xpacks/@gnu-mcu-eclipse/arm-none-eabi-gcc/7.3.1-1.1.1/.content/bin/../lib/gcc/arm-none-eabi/7.3.1/thumb/v7-m\libgcc.a(_aeabi_uldivmod.o)
 .ARM.attributes
                0x000000000000031f       0x2d c:/users/administrator/appdata/roaming/xpacks/@gnu-mcu-eclipse/arm-none-eabi-gcc/7.3.1-1.1.1/.content/bin/../lib/gcc/arm-none-eabi/7.3.1/thumb/v7-m\libgcc.a(_udivmoddi4.o)
 .ARM.attributes
                0x000000000000034c       0x1d c:/users/administrator/appdata/roaming/xpacks/@gnu-mcu-eclipse/arm-none-eabi-gcc/7.3.1-1.1.1/.content/bin/../lib/gcc/arm-none-eabi/7.3.1/thumb/v7-m\libgcc.a(_dvmd_tls.o)
 .ARM.attributes
                0x0000000000000369       0x2d c:/users/administrator/appdata/roaming/xpacks/@gnu-mcu-eclipse/arm-none-eabi-gcc/7.3.1-1.1.1/.content/bin/../lib/gcc/arm-none-eabi/7.3.1/../../../../arm-none-eabi/lib/thumb/v7-m\libg.a(lib_a-errno.o)
 .ARM.attributes
                0x0000000000000396       0x2d c:/users/administrator/appdata/roaming/xpacks/@gnu-mcu-eclipse/arm-none-eabi-gcc/7.3.1-1.1.1/.content/bin/../lib/gcc/arm-none-eabi/7.3.1/../../../../arm-none-eabi/lib/thumb/v7-m\libg.a(lib_a-impure.o)
 .ARM.attributes
                0x00000000000003c3       0x2d c:/users/administrator/appdata/roaming/xpacks/@gnu-mcu-eclipse/arm-none-eabi-gcc/7.3.1-1.1.1/.content/bin/../lib/gcc/arm-none-eabi/7.3.1/../../../../arm-none-eabi/lib/thumb/v7-m\libg.a(lib_a-init.o)
 .ARM.attributes
                0x00000000000003f0       0x1b c:/users/administrator/appdata/roaming/xpacks/@gnu-mcu-eclipse/arm-none-eabi-gcc/7.3.1-1.1.1/.content/bin/../lib/gcc/arm-none-eabi/7.3.1/../../../../arm-none-eabi/lib/thumb/v7-m\libg.a(lib_a-memcpy.o)
 .ARM.attributes
                0x000000000000040b       0x2d c:/users/administrator/appdata/roaming/xpacks/@gnu-mcu-eclipse/arm-none-eabi-gcc/7.3.1-1.1.1/.content/bin/../lib/gcc/arm-none-eabi/7.3.1/../../../../arm-none-eabi/lib/thumb/v7-m\libg.a(lib_a-memset.o)
 .ARM.attributes
                0x0000000000000438       0x2d c:/users/administrator/appdata/roaming/xpacks/@gnu-mcu-eclipse/arm-none-eabi-gcc/7.3.1-1.1.1/.content/bin/../lib/gcc/arm-none-eabi/7.3.1/../../../../arm-none-eabi/lib/thumb/v7-m\libg.a(lib_a-puts.o)
 .ARM.attributes
                0x0000000000000465       0x2d c:/users/administrator/appdata/roaming/xpacks/@gnu-mcu-eclipse/arm-none-eabi-gcc/7.3.1-1.1.1/.content/bin/../lib/gcc/arm-none-eabi/7.3.1/../../../../arm-none-eabi/lib/thumb/v7-m\libg.a(lib_a-strlen-stub.o)
 .ARM.attributes
                0x0000000000000492       0x2d c:/users/administrator/appdata/roaming/xpacks/@gnu-mcu-eclipse/arm-none-eabi-gcc/7.3.1-1.1.1/.content/bin/../lib/gcc/arm-none-eabi/7.3.1/../../../../arm-none-eabi/lib/thumb/v7-m\libg.a(lib_a-__call_atexit.o)
 .ARM.attributes
                0x00000000000004bf       0x2d c:/users/administrator/appdata/roaming/xpacks/@gnu-mcu-eclipse/arm-none-eabi-gcc/7.3.1-1.1.1/.content/bin/../lib/gcc/arm-none-eabi/7.3.1/../../../../arm-none-eabi/lib/thumb/v7-m\libg.a(lib_a-atexit.o)
 .ARM.attributes
                0x00000000000004ec       0x2d c:/users/administrator/appdata/roaming/xpacks/@gnu-mcu-eclipse/arm-none-eabi-gcc/7.3.1-1.1.1/.content/bin/../lib/gcc/arm-none-eabi/7.3.1/../../../../arm-none-eabi/lib/thumb/v7-m\libg.a(lib_a-findfp.o)
 .ARM.attributes
                0x0000000000000519       0x2d c:/users/administrator/appdata/roaming/xpacks/@gnu-mcu-eclipse/arm-none-eabi-gcc/7.3.1-1.1.1/.content/bin/../lib/gcc/arm-none-eabi/7.3.1/../../../../arm-none-eabi/lib/thumb/v7-m\libg.a(lib_a-fini.o)
 .ARM.attributes
                0x0000000000000546       0x2d c:/users/administrator/appdata/roaming/xpacks/@gnu-mcu-eclipse/arm-none-eabi-gcc/7.3.1-1.1.1/.content/bin/../lib/gcc/arm-none-eabi/7.3.1/../../../../arm-none-eabi/lib/thumb/v7-m\libg.a(lib_a-fvwrite.o)
 .ARM.attributes
                0x0000000000000573       0x2d c:/users/administrator/appdata/roaming/xpacks/@gnu-mcu-eclipse/arm-none-eabi-gcc/7.3.1-1.1.1/.content/bin/../lib/gcc/arm-none-eabi/7.3.1/../../../../arm-none-eabi/lib/thumb/v7-m\libg.a(lib_a-fwalk.o)
 .ARM.attributes
                0x00000000000005a0       0x2d c:/users/administrator/appdata/roaming/xpacks/@gnu-mcu-eclipse/arm-none-eabi-gcc/7.3.1-1.1.1/.content/bin/../lib/gcc/arm-none-eabi/7.3.1/../../../../arm-none-eabi/lib/thumb/v7-m\libg.a(lib_a-lock.o)
 .ARM.attributes
                0x00000000000005cd       0x2d c:/users/administrator/appdata/roaming/xpacks/@gnu-mcu-eclipse/arm-none-eabi-gcc/7.3.1-1.1.1/.content/bin/../lib/gcc/arm-none-eabi/7.3.1/../../../../arm-none-eabi/lib/thumb/v7-m\libg.a(lib_a-mallocr.o)
 .ARM.attributes
                0x00000000000005fa       0x2d c:/users/administrator/appdata/roaming/xpacks/@gnu-mcu-eclipse/arm-none-eabi-gcc/7.3.1-1.1.1/.content/bin/../lib/gcc/arm-none-eabi/7.3.1/../../../../arm-none-eabi/lib/thumb/v7-m\libg.a(lib_a-memchr-stub.o)
 .ARM.attributes
                0x0000000000000627       0x2d c:/users/administrator/appdata/roaming/xpacks/@gnu-mcu-eclipse/arm-none-eabi-gcc/7.3.1-1.1.1/.content/bin/../lib/gcc/arm-none-eabi/7.3.1/../../../../arm-none-eabi/lib/thumb/v7-m\libg.a(lib_a-memmove.o)
 .ARM.attributes
                0x0000000000000654       0x2d c:/users/administrator/appdata/roaming/xpacks/@gnu-mcu-eclipse/arm-none-eabi-gcc/7.3.1-1.1.1/.content/bin/../lib/gcc/arm-none-eabi/7.3.1/../../../../arm-none-eabi/lib/thumb/v7-m\libg.a(lib_a-mlock.o)
 .ARM.attributes
                0x0000000000000681       0x2d c:/users/administrator/appdata/roaming/xpacks/@gnu-mcu-eclipse/arm-none-eabi-gcc/7.3.1-1.1.1/.content/bin/../lib/gcc/arm-none-eabi/7.3.1/../../../../arm-none-eabi/lib/thumb/v7-m\libg.a(lib_a-reallocr.o)
 .ARM.attributes
                0x00000000000006ae       0x2d c:/users/administrator/appdata/roaming/xpacks/@gnu-mcu-eclipse/arm-none-eabi-gcc/7.3.1-1.1.1/.content/bin/../lib/gcc/arm-none-eabi/7.3.1/../../../../arm-none-eabi/lib/thumb/v7-m\libg.a(lib_a-sbrkr.o)
 .ARM.attributes
                0x00000000000006db       0x2d c:/users/administrator/appdata/roaming/xpacks/@gnu-mcu-eclipse/arm-none-eabi-gcc/7.3.1-1.1.1/.content/bin/../lib/gcc/arm-none-eabi/7.3.1/../../../../arm-none-eabi/lib/thumb/v7-m\libg.a(lib_a-stdio.o)
 .ARM.attributes
                0x0000000000000708       0x2d c:/users/administrator/appdata/roaming/xpacks/@gnu-mcu-eclipse/arm-none-eabi-gcc/7.3.1-1.1.1/.content/bin/../lib/gcc/arm-none-eabi/7.3.1/../../../../arm-none-eabi/lib/thumb/v7-m\libg.a(lib_a-writer.o)
 .ARM.attributes
                0x0000000000000735       0x2d c:/users/administrator/appdata/roaming/xpacks/@gnu-mcu-eclipse/arm-none-eabi-gcc/7.3.1-1.1.1/.content/bin/../lib/gcc/arm-none-eabi/7.3.1/../../../../arm-none-eabi/lib/thumb/v7-m\libg.a(lib_a-wsetup.o)
 .ARM.attributes
                0x0000000000000762       0x2d c:/users/administrator/appdata/roaming/xpacks/@gnu-mcu-eclipse/arm-none-eabi-gcc/7.3.1-1.1.1/.content/bin/../lib/gcc/arm-none-eabi/7.3.1/../../../../arm-none-eabi/lib/thumb/v7-m\libg.a(lib_a-__atexit.o)
 .ARM.attributes
                0x000000000000078f       0x2d c:/users/administrator/appdata/roaming/xpacks/@gnu-mcu-eclipse/arm-none-eabi-gcc/7.3.1-1.1.1/.content/bin/../lib/gcc/arm-none-eabi/7.3.1/../../../../arm-none-eabi/lib/thumb/v7-m\libg.a(lib_a-closer.o)
 .ARM.attributes
                0x00000000000007bc       0x2d c:/users/administrator/appdata/roaming/xpacks/@gnu-mcu-eclipse/arm-none-eabi-gcc/7.3.1-1.1.1/.content/bin/../lib/gcc/arm-none-eabi/7.3.1/../../../../arm-none-eabi/lib/thumb/v7-m\libg.a(lib_a-fclose.o)
 .ARM.attributes
                0x00000000000007e9       0x2d c:/users/administrator/appdata/roaming/xpacks/@gnu-mcu-eclipse/arm-none-eabi-gcc/7.3.1-1.1.1/.content/bin/../lib/gcc/arm-none-eabi/7.3.1/../../../../arm-none-eabi/lib/thumb/v7-m\libg.a(lib_a-fflush.o)
 .ARM.attributes
                0x0000000000000816       0x2d c:/users/administrator/appdata/roaming/xpacks/@gnu-mcu-eclipse/arm-none-eabi-gcc/7.3.1-1.1.1/.content/bin/../lib/gcc/arm-none-eabi/7.3.1/../../../../arm-none-eabi/lib/thumb/v7-m\libg.a(lib_a-freer.o)
 .ARM.attributes
                0x0000000000000843       0x2d c:/users/administrator/appdata/roaming/xpacks/@gnu-mcu-eclipse/arm-none-eabi-gcc/7.3.1-1.1.1/.content/bin/../lib/gcc/arm-none-eabi/7.3.1/../../../../arm-none-eabi/lib/thumb/v7-m\libg.a(lib_a-lseekr.o)
 .ARM.attributes
                0x0000000000000870       0x2d c:/users/administrator/appdata/roaming/xpacks/@gnu-mcu-eclipse/arm-none-eabi-gcc/7.3.1-1.1.1/.content/bin/../lib/gcc/arm-none-eabi/7.3.1/../../../../arm-none-eabi/lib/thumb/v7-m\libg.a(lib_a-makebuf.o)
 .ARM.attributes
                0x000000000000089d       0x2d c:/users/administrator/appdata/roaming/xpacks/@gnu-mcu-eclipse/arm-none-eabi-gcc/7.3.1-1.1.1/.content/bin/../lib/gcc/arm-none-eabi/7.3.1/../../../../arm-none-eabi/lib/thumb/v7-m\libg.a(lib_a-readr.o)
 .ARM.attributes
                0x00000000000008ca       0x2d c:/users/administrator/appdata/roaming/xpacks/@gnu-mcu-eclipse/arm-none-eabi-gcc/7.3.1-1.1.1/.content/bin/../lib/gcc/arm-none-eabi/7.3.1/../../../../arm-none-eabi/lib/thumb/v7-m\libg.a(lib_a-reent.o)
 .ARM.attributes
                0x00000000000008f7       0x2d c:/users/administrator/appdata/roaming/xpacks/@gnu-mcu-eclipse/arm-none-eabi-gcc/7.3.1-1.1.1/.content/bin/../lib/gcc/arm-none-eabi/7.3.1/../../../../arm-none-eabi/lib/thumb/v7-m\libg.a(lib_a-fstatr.o)
 .ARM.attributes
                0x0000000000000924       0x2d c:/users/administrator/appdata/roaming/xpacks/@gnu-mcu-eclipse/arm-none-eabi-gcc/7.3.1-1.1.1/.content/bin/../lib/gcc/arm-none-eabi/7.3.1/../../../../arm-none-eabi/lib/thumb/v7-m\libg.a(lib_a-isattyr.o)
 .ARM.attributes
                0x0000000000000951       0x2d c:/users/administrator/appdata/roaming/xpacks/@gnu-mcu-eclipse/arm-none-eabi-gcc/7.3.1-1.1.1/.content/bin/../lib/gcc/arm-none-eabi/7.3.1/thumb/v7-m/crtend.o
 .ARM.attributes
                0x000000000000097e       0x1d c:/users/administrator/appdata/roaming/xpacks/@gnu-mcu-eclipse/arm-none-eabi-gcc/7.3.1-1.1.1/.content/bin/../lib/gcc/arm-none-eabi/7.3.1/thumb/v7-m/crtn.o
OUTPUT(RGB-E.elf elf32-littlearm)

.debug_line     0x0000000000000000     0x770b
 .debug_line    0x0000000000000000       0x7f ./startup/startup_stm32f407xx.o
 .debug_line    0x000000000000007f      0x892 ./Src/main.o
 .debug_line    0x0000000000000911      0x689 ./Src/stm32f4xx_hal_msp.o
 .debug_line    0x0000000000000f9a      0x6f1 ./Src/stm32f4xx_it.o
 .debug_line    0x000000000000168b      0x5cf ./Src/syscalls.o
 .debug_line    0x0000000000001c5a      0x637 ./Src/system_stm32f4xx.o
 .debug_line    0x0000000000002291      0x81e ./Drivers/STM32F4xx_HAL_Driver/Src/stm32f4xx_hal.o
 .debug_line    0x0000000000002aaf      0x945 ./Drivers/STM32F4xx_HAL_Driver/Src/stm32f4xx_hal_cortex.o
 .debug_line    0x00000000000033f4      0x8f0 ./Drivers/STM32F4xx_HAL_Driver/Src/stm32f4xx_hal_dma.o
 .debug_line    0x0000000000003ce4      0x800 ./Drivers/STM32F4xx_HAL_Driver/Src/stm32f4xx_hal_gpio.o
 .debug_line    0x00000000000044e4      0x865 ./Drivers/STM32F4xx_HAL_Driver/Src/stm32f4xx_hal_rcc.o
 .debug_line    0x0000000000004d49      0xfc2 ./Drivers/STM32F4xx_HAL_Driver/Src/stm32f4xx_hal_spi.o
 .debug_line    0x0000000000005d0b      0xf18 ./Drivers/STM32F4xx_HAL_Driver/Src/stm32f4xx_hal_uart.o
 .debug_line    0x0000000000006c23      0xae8 ./BSP/WS28.o

.debug_info     0x0000000000000000     0xb099
 .debug_info    0x0000000000000000       0x22 ./startup/startup_stm32f407xx.o
 .debug_info    0x0000000000000022     0x189d ./Src/main.o
 .debug_info    0x00000000000018bf      0xe2c ./Src/stm32f4xx_hal_msp.o
 .debug_info    0x00000000000026eb      0x8c3 ./Src/stm32f4xx_it.o
 .debug_info    0x0000000000002fae      0xf2e ./Src/syscalls.o
 .debug_info    0x0000000000003edc      0x502 ./Src/system_stm32f4xx.o
 .debug_info    0x00000000000043de      0x921 ./Drivers/STM32F4xx_HAL_Driver/Src/stm32f4xx_hal.o
 .debug_info    0x0000000000004cff      0xdd6 ./Drivers/STM32F4xx_HAL_Driver/Src/stm32f4xx_hal_cortex.o
 .debug_info    0x0000000000005ad5      0x916 ./Drivers/STM32F4xx_HAL_Driver/Src/stm32f4xx_hal_dma.o
 .debug_info    0x00000000000063eb      0x763 ./Drivers/STM32F4xx_HAL_Driver/Src/stm32f4xx_hal_gpio.o
 .debug_info    0x0000000000006b4e      0x8a4 ./Drivers/STM32F4xx_HAL_Driver/Src/stm32f4xx_hal_rcc.o
 .debug_info    0x00000000000073f2     0x15d9 ./Drivers/STM32F4xx_HAL_Driver/Src/stm32f4xx_hal_spi.o
 .debug_info    0x00000000000089cb     0x11d5 ./Drivers/STM32F4xx_HAL_Driver/Src/stm32f4xx_hal_uart.o
 .debug_info    0x0000000000009ba0     0x14f9 ./BSP/WS28.o

.debug_abbrev   0x0000000000000000     0x1c2e
 .debug_abbrev  0x0000000000000000       0x12 ./startup/startup_stm32f407xx.o
 .debug_abbrev  0x0000000000000012      0x2c0 ./Src/main.o
 .debug_abbrev  0x00000000000002d2      0x195 ./Src/stm32f4xx_hal_msp.o
 .debug_abbrev  0x0000000000000467      0x158 ./Src/stm32f4xx_it.o
 .debug_abbrev  0x00000000000005bf      0x2aa ./Src/syscalls.o
 .debug_abbrev  0x0000000000000869      0x111 ./Src/system_stm32f4xx.o
 .debug_abbrev  0x000000000000097a      0x1cb ./Drivers/STM32F4xx_HAL_Driver/Src/stm32f4xx_hal.o
 .debug_abbrev  0x0000000000000b45      0x2fa ./Drivers/STM32F4xx_HAL_Driver/Src/stm32f4xx_hal_cortex.o
 .debug_abbrev  0x0000000000000e3f      0x229 ./Drivers/STM32F4xx_HAL_Driver/Src/stm32f4xx_hal_dma.o
 .debug_abbrev  0x0000000000001068      0x1c9 ./Drivers/STM32F4xx_HAL_Driver/Src/stm32f4xx_hal_gpio.o
 .debug_abbrev  0x0000000000001231      0x245 ./Drivers/STM32F4xx_HAL_Driver/Src/stm32f4xx_hal_rcc.o
 .debug_abbrev  0x0000000000001476      0x240 ./Drivers/STM32F4xx_HAL_Driver/Src/stm32f4xx_hal_spi.o
 .debug_abbrev  0x00000000000016b6      0x242 ./Drivers/STM32F4xx_HAL_Driver/Src/stm32f4xx_hal_uart.o
 .debug_abbrev  0x00000000000018f8      0x336 ./BSP/WS28.o

.debug_aranges  0x0000000000000000      0x9e0
 .debug_aranges
                0x0000000000000000       0x28 ./startup/startup_stm32f407xx.o
 .debug_aranges
                0x0000000000000028       0x58 ./Src/main.o
 .debug_aranges
                0x0000000000000080       0x40 ./Src/stm32f4xx_hal_msp.o
 .debug_aranges
                0x00000000000000c0       0x78 ./Src/stm32f4xx_it.o
 .debug_aranges
                0x0000000000000138       0xb0 ./Src/syscalls.o
 .debug_aranges
                0x00000000000001e8       0x28 ./Src/system_stm32f4xx.o
 .debug_aranges
                0x0000000000000210       0xf0 ./Drivers/STM32F4xx_HAL_Driver/Src/stm32f4xx_hal.o
 .debug_aranges
                0x0000000000000300      0x118 ./Drivers/STM32F4xx_HAL_Driver/Src/stm32f4xx_hal_cortex.o
 .debug_aranges
                0x0000000000000418       0x90 ./Drivers/STM32F4xx_HAL_Driver/Src/stm32f4xx_hal_dma.o
 .debug_aranges
                0x00000000000004a8       0x58 ./Drivers/STM32F4xx_HAL_Driver/Src/stm32f4xx_hal_gpio.o
 .debug_aranges
                0x0000000000000500       0x88 ./Drivers/STM32F4xx_HAL_Driver/Src/stm32f4xx_hal_rcc.o
 .debug_aranges
                0x0000000000000588      0x1d0 ./Drivers/STM32F4xx_HAL_Driver/Src/stm32f4xx_hal_spi.o
 .debug_aranges
                0x0000000000000758      0x1d0 ./Drivers/STM32F4xx_HAL_Driver/Src/stm32f4xx_hal_uart.o
 .debug_aranges
                0x0000000000000928       0xb8 ./BSP/WS28.o

.debug_str      0x0000000000000000    0xc481a
 .debug_str     0x0000000000000000       0x46 ./startup/startup_stm32f407xx.o
 .debug_str     0x0000000000000046    0xc0e38 ./Src/main.o
                                      0xc11e8 (size before relaxing)
 .debug_str     0x00000000000c0e7e       0x78 ./Src/stm32f4xx_hal_msp.o
                                      0xbd0e7 (size before relaxing)
 .debug_str     0x00000000000c0ef6       0xf2 ./Src/stm32f4xx_it.o
                                      0xbcaef (size before relaxing)
 .debug_str     0x00000000000c0fe8     0x1208 ./Src/syscalls.o
                                       0x8545 (size before relaxing)
 .debug_str     0x00000000000c21f0       0xbf ./Src/system_stm32f4xx.o
                                      0xbc5d3 (size before relaxing)
 .debug_str     0x00000000000c22af      0x5fc ./Drivers/STM32F4xx_HAL_Driver/Src/stm32f4xx_hal.o
                                      0xbd119 (size before relaxing)
 .debug_str     0x00000000000c28ab      0x399 ./Drivers/STM32F4xx_HAL_Driver/Src/stm32f4xx_hal_cortex.o
                                      0xbce94 (size before relaxing)
 .debug_str     0x00000000000c2c44      0x322 ./Drivers/STM32F4xx_HAL_Driver/Src/stm32f4xx_hal_dma.o
                                      0xbc9ed (size before relaxing)
 .debug_str     0x00000000000c2f66      0x20c ./Drivers/STM32F4xx_HAL_Driver/Src/stm32f4xx_hal_gpio.o
                                      0xbc817 (size before relaxing)
 .debug_str     0x00000000000c3172      0x24e ./Drivers/STM32F4xx_HAL_Driver/Src/stm32f4xx_hal_rcc.o
                                      0xbc9ba (size before relaxing)
 .debug_str     0x00000000000c33c0      0x53a ./Drivers/STM32F4xx_HAL_Driver/Src/stm32f4xx_hal_spi.o
                                      0xbce20 (size before relaxing)
 .debug_str     0x00000000000c38fa      0x508 ./Drivers/STM32F4xx_HAL_Driver/Src/stm32f4xx_hal_uart.o
                                      0xbce0b (size before relaxing)
 .debug_str     0x00000000000c3e02      0xa18 ./BSP/WS28.o
                                      0xc12fe (size before relaxing)

.debug_ranges   0x0000000000000000      0x908
 .debug_ranges  0x0000000000000000       0x20 ./startup/startup_stm32f407xx.o
 .debug_ranges  0x0000000000000020       0x48 ./Src/main.o
 .debug_ranges  0x0000000000000068       0x30 ./Src/stm32f4xx_hal_msp.o
 .debug_ranges  0x0000000000000098       0x68 ./Src/stm32f4xx_it.o
 .debug_ranges  0x0000000000000100       0xa0 ./Src/syscalls.o
 .debug_ranges  0x00000000000001a0       0x18 ./Src/system_stm32f4xx.o
 .debug_ranges  0x00000000000001b8       0xe0 ./Drivers/STM32F4xx_HAL_Driver/Src/stm32f4xx_hal.o
 .debug_ranges  0x0000000000000298      0x108 ./Drivers/STM32F4xx_HAL_Driver/Src/stm32f4xx_hal_cortex.o
 .debug_ranges  0x00000000000003a0       0x80 ./Drivers/STM32F4xx_HAL_Driver/Src/stm32f4xx_hal_dma.o
 .debug_ranges  0x0000000000000420       0x48 ./Drivers/STM32F4xx_HAL_Driver/Src/stm32f4xx_hal_gpio.o
 .debug_ranges  0x0000000000000468       0x78 ./Drivers/STM32F4xx_HAL_Driver/Src/stm32f4xx_hal_rcc.o
 .debug_ranges  0x00000000000004e0      0x1c0 ./Drivers/STM32F4xx_HAL_Driver/Src/stm32f4xx_hal_spi.o
 .debug_ranges  0x00000000000006a0      0x1c0 ./Drivers/STM32F4xx_HAL_Driver/Src/stm32f4xx_hal_uart.o
 .debug_ranges  0x0000000000000860       0xa8 ./BSP/WS28.o

.debug_macro    0x0000000000000000    0x213f5
 .debug_macro   0x0000000000000000      0x363 ./Src/main.o
 .debug_macro   0x0000000000000363      0xa4e ./Src/main.o
 .debug_macro   0x0000000000000db1      0x18a ./Src/main.o
 .debug_macro   0x0000000000000f3b       0x32 ./Src/main.o
 .debug_macro   0x0000000000000f6d       0x2f ./Src/main.o
 .debug_macro   0x0000000000000f9c       0x22 ./Src/main.o
 .debug_macro   0x0000000000000fbe       0x8e ./Src/main.o
 .debug_macro   0x000000000000104c       0x51 ./Src/main.o
 .debug_macro   0x000000000000109d       0xef ./Src/main.o
 .debug_macro   0x000000000000118c       0x6a ./Src/main.o
 .debug_macro   0x00000000000011f6      0x1df ./Src/main.o
 .debug_macro   0x00000000000013d5       0x1c ./Src/main.o
 .debug_macro   0x00000000000013f1       0x22 ./Src/main.o
 .debug_macro   0x0000000000001413       0xc3 ./Src/main.o
 .debug_macro   0x00000000000014d6     0x102d ./Src/main.o
 .debug_macro   0x0000000000002503      0x11f ./Src/main.o
 .debug_macro   0x0000000000002622    0x15e43 ./Src/main.o
 .debug_macro   0x0000000000018465       0x43 ./Src/main.o
 .debug_macro   0x00000000000184a8     0x35d4 ./Src/main.o
 .debug_macro   0x000000000001ba7c      0x174 ./Src/main.o
 .debug_macro   0x000000000001bbf0       0x5a ./Src/main.o
 .debug_macro   0x000000000001bc4a      0x96b ./Src/main.o
 .debug_macro   0x000000000001c5b5      0x9fe ./Src/main.o
 .debug_macro   0x000000000001cfb3       0xed ./Src/main.o
 .debug_macro   0x000000000001d0a0      0x117 ./Src/main.o
 .debug_macro   0x000000000001d1b7      0x13e ./Src/main.o
 .debug_macro   0x000000000001d2f5       0x27 ./Src/main.o
 .debug_macro   0x000000000001d31c      0x287 ./Src/main.o
 .debug_macro   0x000000000001d5a3       0x5f ./Src/main.o
 .debug_macro   0x000000000001d602      0x236 ./Src/main.o
 .debug_macro   0x000000000001d838      0x12c ./Src/main.o
 .debug_macro   0x000000000001d964      0x21e ./Src/main.o
 .debug_macro   0x000000000001db82       0x2e ./Src/main.o
 .debug_macro   0x000000000001dbb0      0x11a ./Src/main.o
 .debug_macro   0x000000000001dcca       0x7e ./Src/main.o
 .debug_macro   0x000000000001dd48       0x89 ./Src/main.o
 .debug_macro   0x000000000001ddd1      0x225 ./Src/main.o
 .debug_macro   0x000000000001dff6      0x287 ./Src/main.o
 .debug_macro   0x000000000001e27d      0x12d ./Src/main.o
 .debug_macro   0x000000000001e3aa       0x10 ./Src/main.o
 .debug_macro   0x000000000001e3ba       0x64 ./Src/main.o
 .debug_macro   0x000000000001e41e       0x18 ./Src/main.o
 .debug_macro   0x000000000001e436       0x35 ./Src/main.o
 .debug_macro   0x000000000001e46b       0x34 ./Src/main.o
 .debug_macro   0x000000000001e49f       0x16 ./Src/main.o
 .debug_macro   0x000000000001e4b5       0x35 ./Src/main.o
 .debug_macro   0x000000000001e4ea      0x32a ./Src/main.o
 .debug_macro   0x000000000001e814       0x10 ./Src/main.o
 .debug_macro   0x000000000001e824       0x58 ./Src/main.o
 .debug_macro   0x000000000001e87c       0x1f ./Src/main.o
 .debug_macro   0x000000000001e89b       0x43 ./Src/main.o
 .debug_macro   0x000000000001e8de       0x20 ./Src/main.o
 .debug_macro   0x000000000001e8fe      0x18e ./Src/main.o
 .debug_macro   0x000000000001ea8c       0x10 ./Src/main.o
 .debug_macro   0x000000000001ea9c       0x1c ./Src/main.o
 .debug_macro   0x000000000001eab8       0x52 ./Src/main.o
 .debug_macro   0x000000000001eb0a       0x40 ./Src/main.o
 .debug_macro   0x000000000001eb4a       0x10 ./Src/main.o
 .debug_macro   0x000000000001eb5a       0x40 ./Src/main.o
 .debug_macro   0x000000000001eb9a       0xd7 ./Src/main.o
 .debug_macro   0x000000000001ec71       0x1c ./Src/main.o
 .debug_macro   0x000000000001ec8d       0x3d ./Src/main.o
 .debug_macro   0x000000000001ecca       0x16 ./Src/main.o
 .debug_macro   0x000000000001ece0      0x16f ./Src/main.o
 .debug_macro   0x000000000001ee4f       0x16 ./Src/main.o
 .debug_macro   0x000000000001ee65       0x5e ./Src/main.o
 .debug_macro   0x000000000001eec3      0x1d3 ./Src/stm32f4xx_hal_msp.o
 .debug_macro   0x000000000001f096      0x1dd ./Src/stm32f4xx_it.o
 .debug_macro   0x000000000001f273      0x243 ./Src/syscalls.o
 .debug_macro   0x000000000001f4b6       0x5e ./Src/syscalls.o
 .debug_macro   0x000000000001f514       0x94 ./Src/syscalls.o
 .debug_macro   0x000000000001f5a8       0x57 ./Src/syscalls.o
 .debug_macro   0x000000000001f5ff      0x330 ./Src/syscalls.o
 .debug_macro   0x000000000001f92f       0x10 ./Src/syscalls.o
 .debug_macro   0x000000000001f93f       0x10 ./Src/syscalls.o
 .debug_macro   0x000000000001f94f       0x10 ./Src/syscalls.o
 .debug_macro   0x000000000001f95f       0x35 ./Src/syscalls.o
 .debug_macro   0x000000000001f994      0x122 ./Src/syscalls.o
 .debug_macro   0x000000000001fab6       0x16 ./Src/syscalls.o
 .debug_macro   0x000000000001facc       0x16 ./Src/syscalls.o
 .debug_macro   0x000000000001fae2       0x29 ./Src/syscalls.o
 .debug_macro   0x000000000001fb0b       0x10 ./Src/syscalls.o
 .debug_macro   0x000000000001fb1b      0x241 ./Src/syscalls.o
 .debug_macro   0x000000000001fd5c       0x1c ./Src/syscalls.o
 .debug_macro   0x000000000001fd78       0x10 ./Src/syscalls.o
 .debug_macro   0x000000000001fd88      0x189 ./Src/syscalls.o
 .debug_macro   0x000000000001ff11       0x16 ./Src/syscalls.o
 .debug_macro   0x000000000001ff27       0x88 ./Src/syscalls.o
 .debug_macro   0x000000000001ffaf      0x1ca ./Src/system_stm32f4xx.o
 .debug_macro   0x0000000000020179      0x224 ./Drivers/STM32F4xx_HAL_Driver/Src/stm32f4xx_hal.o
 .debug_macro   0x000000000002039d      0x1c4 ./Drivers/STM32F4xx_HAL_Driver/Src/stm32f4xx_hal_cortex.o
 .debug_macro   0x0000000000020561      0x1ca ./Drivers/STM32F4xx_HAL_Driver/Src/stm32f4xx_hal_dma.o
 .debug_macro   0x000000000002072b      0x1fa ./Drivers/STM32F4xx_HAL_Driver/Src/stm32f4xx_hal_gpio.o
 .debug_macro   0x0000000000020925      0x1e8 ./Drivers/STM32F4xx_HAL_Driver/Src/stm32f4xx_hal_rcc.o
 .debug_macro   0x0000000000020b0d      0x1cc ./Drivers/STM32F4xx_HAL_Driver/Src/stm32f4xx_hal_spi.o
 .debug_macro   0x0000000000020cd9      0x1c5 ./Drivers/STM32F4xx_HAL_Driver/Src/stm32f4xx_hal_uart.o
 .debug_macro   0x0000000000020e9e      0x376 ./BSP/WS28.o
 .debug_macro   0x0000000000021214      0x1e1 ./BSP/WS28.o

.comment        0x0000000000000000       0x71
 .comment       0x0000000000000000       0x71 ./Src/main.o
                                         0x72 (size before relaxing)
 .comment       0x0000000000000071       0x72 ./Src/stm32f4xx_hal_msp.o
 .comment       0x0000000000000071       0x72 ./Src/stm32f4xx_it.o
 .comment       0x0000000000000071       0x72 ./Src/syscalls.o
 .comment       0x0000000000000071       0x72 ./Src/system_stm32f4xx.o
 .comment       0x0000000000000071       0x72 ./Drivers/STM32F4xx_HAL_Driver/Src/stm32f4xx_hal.o
 .comment       0x0000000000000071       0x72 ./Drivers/STM32F4xx_HAL_Driver/Src/stm32f4xx_hal_cortex.o
 .comment       0x0000000000000071       0x72 ./Drivers/STM32F4xx_HAL_Driver/Src/stm32f4xx_hal_dma.o
 .comment       0x0000000000000071       0x72 ./Drivers/STM32F4xx_HAL_Driver/Src/stm32f4xx_hal_gpio.o
 .comment       0x0000000000000071       0x72 ./Drivers/STM32F4xx_HAL_Driver/Src/stm32f4xx_hal_rcc.o
 .comment       0x0000000000000071       0x72 ./Drivers/STM32F4xx_HAL_Driver/Src/stm32f4xx_hal_spi.o
 .comment       0x0000000000000071       0x72 ./Drivers/STM32F4xx_HAL_Driver/Src/stm32f4xx_hal_uart.o
 .comment       0x0000000000000071       0x72 ./BSP/WS28.o

.debug_frame    0x0000000000000000     0x3158
 .debug_frame   0x0000000000000000      0x114 ./Src/main.o
 .debug_frame   0x0000000000000114       0xc8 ./Src/stm32f4xx_hal_msp.o
 .debug_frame   0x00000000000001dc      0x160 ./Src/stm32f4xx_it.o
 .debug_frame   0x000000000000033c      0x2d0 ./Src/syscalls.o
 .debug_frame   0x000000000000060c       0x58 ./Src/system_stm32f4xx.o
 .debug_frame   0x0000000000000664      0x374 ./Drivers/STM32F4xx_HAL_Driver/Src/stm32f4xx_hal.o
 .debug_frame   0x00000000000009d8      0x498 ./Drivers/STM32F4xx_HAL_Driver/Src/stm32f4xx_hal_cortex.o
 .debug_frame   0x0000000000000e70      0x250 ./Drivers/STM32F4xx_HAL_Driver/Src/stm32f4xx_hal_dma.o
 .debug_frame   0x00000000000010c0      0x14c ./Drivers/STM32F4xx_HAL_Driver/Src/stm32f4xx_hal_gpio.o
 .debug_frame   0x000000000000120c      0x1f0 ./Drivers/STM32F4xx_HAL_Driver/Src/stm32f4xx_hal_rcc.o
 .debug_frame   0x00000000000013fc      0x820 ./Drivers/STM32F4xx_HAL_Driver/Src/stm32f4xx_hal_spi.o
 .debug_frame   0x0000000000001c1c      0x83c ./Drivers/STM32F4xx_HAL_Driver/Src/stm32f4xx_hal_uart.o
 .debug_frame   0x0000000000002458      0x2f4 ./BSP/WS28.o
 .debug_frame   0x000000000000274c       0x2c c:/users/administrator/appdata/roaming/xpacks/@gnu-mcu-eclipse/arm-none-eabi-gcc/7.3.1-1.1.1/.content/bin/../lib/gcc/arm-none-eabi/7.3.1/thumb/v7-m\libgcc.a(_aeabi_uldivmod.o)
 .debug_frame   0x0000000000002778       0x34 c:/users/administrator/appdata/roaming/xpacks/@gnu-mcu-eclipse/arm-none-eabi-gcc/7.3.1-1.1.1/.content/bin/../lib/gcc/arm-none-eabi/7.3.1/thumb/v7-m\libgcc.a(_udivmoddi4.o)
 .debug_frame   0x00000000000027ac       0x20 c:/users/administrator/appdata/roaming/xpacks/@gnu-mcu-eclipse/arm-none-eabi-gcc/7.3.1-1.1.1/.content/bin/../lib/gcc/arm-none-eabi/7.3.1/../../../../arm-none-eabi/lib/thumb/v7-m\libg.a(lib_a-errno.o)
 .debug_frame   0x00000000000027cc       0x2c c:/users/administrator/appdata/roaming/xpacks/@gnu-mcu-eclipse/arm-none-eabi-gcc/7.3.1-1.1.1/.content/bin/../lib/gcc/arm-none-eabi/7.3.1/../../../../arm-none-eabi/lib/thumb/v7-m\libg.a(lib_a-init.o)
 .debug_frame   0x00000000000027f8       0x38 c:/users/administrator/appdata/roaming/xpacks/@gnu-mcu-eclipse/arm-none-eabi-gcc/7.3.1-1.1.1/.content/bin/../lib/gcc/arm-none-eabi/7.3.1/../../../../arm-none-eabi/lib/thumb/v7-m\libg.a(lib_a-memset.o)
 .debug_frame   0x0000000000002830       0x4c c:/users/administrator/appdata/roaming/xpacks/@gnu-mcu-eclipse/arm-none-eabi-gcc/7.3.1-1.1.1/.content/bin/../lib/gcc/arm-none-eabi/7.3.1/../../../../arm-none-eabi/lib/thumb/v7-m\libg.a(lib_a-puts.o)
 .debug_frame   0x000000000000287c       0x20 c:/users/administrator/appdata/roaming/xpacks/@gnu-mcu-eclipse/arm-none-eabi-gcc/7.3.1-1.1.1/.content/bin/../lib/gcc/arm-none-eabi/7.3.1/../../../../arm-none-eabi/lib/thumb/v7-m\libg.a(lib_a-strlen-stub.o)
 .debug_frame   0x000000000000289c       0x5c c:/users/administrator/appdata/roaming/xpacks/@gnu-mcu-eclipse/arm-none-eabi-gcc/7.3.1-1.1.1/.content/bin/../lib/gcc/arm-none-eabi/7.3.1/../../../../arm-none-eabi/lib/thumb/v7-m\libg.a(lib_a-__call_atexit.o)
 .debug_frame   0x00000000000028f8       0x20 c:/users/administrator/appdata/roaming/xpacks/@gnu-mcu-eclipse/arm-none-eabi-gcc/7.3.1-1.1.1/.content/bin/../lib/gcc/arm-none-eabi/7.3.1/../../../../arm-none-eabi/lib/thumb/v7-m\libg.a(lib_a-atexit.o)
 .debug_frame   0x0000000000002918      0x150 c:/users/administrator/appdata/roaming/xpacks/@gnu-mcu-eclipse/arm-none-eabi-gcc/7.3.1-1.1.1/.content/bin/../lib/gcc/arm-none-eabi/7.3.1/../../../../arm-none-eabi/lib/thumb/v7-m\libg.a(lib_a-findfp.o)
 .debug_frame   0x0000000000002a68       0x34 c:/users/administrator/appdata/roaming/xpacks/@gnu-mcu-eclipse/arm-none-eabi-gcc/7.3.1-1.1.1/.content/bin/../lib/gcc/arm-none-eabi/7.3.1/../../../../arm-none-eabi/lib/thumb/v7-m\libg.a(lib_a-fini.o)
 .debug_frame   0x0000000000002a9c       0x64 c:/users/administrator/appdata/roaming/xpacks/@gnu-mcu-eclipse/arm-none-eabi-gcc/7.3.1-1.1.1/.content/bin/../lib/gcc/arm-none-eabi/7.3.1/../../../../arm-none-eabi/lib/thumb/v7-m\libg.a(lib_a-fvwrite.o)
 .debug_frame   0x0000000000002b00       0x54 c:/users/administrator/appdata/roaming/xpacks/@gnu-mcu-eclipse/arm-none-eabi-gcc/7.3.1-1.1.1/.content/bin/../lib/gcc/arm-none-eabi/7.3.1/../../../../arm-none-eabi/lib/thumb/v7-m\libg.a(lib_a-fwalk.o)
 .debug_frame   0x0000000000002b54       0xb0 c:/users/administrator/appdata/roaming/xpacks/@gnu-mcu-eclipse/arm-none-eabi-gcc/7.3.1-1.1.1/.content/bin/../lib/gcc/arm-none-eabi/7.3.1/../../../../arm-none-eabi/lib/thumb/v7-m\libg.a(lib_a-lock.o)
 .debug_frame   0x0000000000002c04       0x4c c:/users/administrator/appdata/roaming/xpacks/@gnu-mcu-eclipse/arm-none-eabi-gcc/7.3.1-1.1.1/.content/bin/../lib/gcc/arm-none-eabi/7.3.1/../../../../arm-none-eabi/lib/thumb/v7-m\libg.a(lib_a-mallocr.o)
 .debug_frame   0x0000000000002c50       0x34 c:/users/administrator/appdata/roaming/xpacks/@gnu-mcu-eclipse/arm-none-eabi-gcc/7.3.1-1.1.1/.content/bin/../lib/gcc/arm-none-eabi/7.3.1/../../../../arm-none-eabi/lib/thumb/v7-m\libg.a(lib_a-memchr-stub.o)
 .debug_frame   0x0000000000002c84       0x40 c:/users/administrator/appdata/roaming/xpacks/@gnu-mcu-eclipse/arm-none-eabi-gcc/7.3.1-1.1.1/.content/bin/../lib/gcc/arm-none-eabi/7.3.1/../../../../arm-none-eabi/lib/thumb/v7-m\libg.a(lib_a-memmove.o)
 .debug_frame   0x0000000000002cc4       0x30 c:/users/administrator/appdata/roaming/xpacks/@gnu-mcu-eclipse/arm-none-eabi-gcc/7.3.1-1.1.1/.content/bin/../lib/gcc/arm-none-eabi/7.3.1/../../../../arm-none-eabi/lib/thumb/v7-m\libg.a(lib_a-mlock.o)
 .debug_frame   0x0000000000002cf4       0x58 c:/users/administrator/appdata/roaming/xpacks/@gnu-mcu-eclipse/arm-none-eabi-gcc/7.3.1-1.1.1/.content/bin/../lib/gcc/arm-none-eabi/7.3.1/../../../../arm-none-eabi/lib/thumb/v7-m\libg.a(lib_a-reallocr.o)
 .debug_frame   0x0000000000002d4c       0x2c c:/users/administrator/appdata/roaming/xpacks/@gnu-mcu-eclipse/arm-none-eabi-gcc/7.3.1-1.1.1/.content/bin/../lib/gcc/arm-none-eabi/7.3.1/../../../../arm-none-eabi/lib/thumb/v7-m\libg.a(lib_a-sbrkr.o)
 .debug_frame   0x0000000000002d78       0x88 c:/users/administrator/appdata/roaming/xpacks/@gnu-mcu-eclipse/arm-none-eabi-gcc/7.3.1-1.1.1/.content/bin/../lib/gcc/arm-none-eabi/7.3.1/../../../../arm-none-eabi/lib/thumb/v7-m\libg.a(lib_a-stdio.o)
 .debug_frame   0x0000000000002e00       0x30 c:/users/administrator/appdata/roaming/xpacks/@gnu-mcu-eclipse/arm-none-eabi-gcc/7.3.1-1.1.1/.content/bin/../lib/gcc/arm-none-eabi/7.3.1/../../../../arm-none-eabi/lib/thumb/v7-m\libg.a(lib_a-writer.o)
 .debug_frame   0x0000000000002e30       0x2c c:/users/administrator/appdata/roaming/xpacks/@gnu-mcu-eclipse/arm-none-eabi-gcc/7.3.1-1.1.1/.content/bin/../lib/gcc/arm-none-eabi/7.3.1/../../../../arm-none-eabi/lib/thumb/v7-m\libg.a(lib_a-wsetup.o)
 .debug_frame   0x0000000000002e5c       0x34 c:/users/administrator/appdata/roaming/xpacks/@gnu-mcu-eclipse/arm-none-eabi-gcc/7.3.1-1.1.1/.content/bin/../lib/gcc/arm-none-eabi/7.3.1/../../../../arm-none-eabi/lib/thumb/v7-m\libg.a(lib_a-__atexit.o)
 .debug_frame   0x0000000000002e90       0x2c c:/users/administrator/appdata/roaming/xpacks/@gnu-mcu-eclipse/arm-none-eabi-gcc/7.3.1-1.1.1/.content/bin/../lib/gcc/arm-none-eabi/7.3.1/../../../../arm-none-eabi/lib/thumb/v7-m\libg.a(lib_a-closer.o)
 .debug_frame   0x0000000000002ebc       0x3c c:/users/administrator/appdata/roaming/xpacks/@gnu-mcu-eclipse/arm-none-eabi-gcc/7.3.1-1.1.1/.content/bin/../lib/gcc/arm-none-eabi/7.3.1/../../../../arm-none-eabi/lib/thumb/v7-m\libg.a(lib_a-fclose.o)
 .debug_frame   0x0000000000002ef8       0x5c c:/users/administrator/appdata/roaming/xpacks/@gnu-mcu-eclipse/arm-none-eabi-gcc/7.3.1-1.1.1/.content/bin/../lib/gcc/arm-none-eabi/7.3.1/../../../../arm-none-eabi/lib/thumb/v7-m\libg.a(lib_a-fflush.o)
 .debug_frame   0x0000000000002f54       0x80 c:/users/administrator/appdata/roaming/xpacks/@gnu-mcu-eclipse/arm-none-eabi-gcc/7.3.1-1.1.1/.content/bin/../lib/gcc/arm-none-eabi/7.3.1/../../../../arm-none-eabi/lib/thumb/v7-m\libg.a(lib_a-freer.o)
 .debug_frame   0x0000000000002fd4       0x30 c:/users/administrator/appdata/roaming/xpacks/@gnu-mcu-eclipse/arm-none-eabi-gcc/7.3.1-1.1.1/.content/bin/../lib/gcc/arm-none-eabi/7.3.1/../../../../arm-none-eabi/lib/thumb/v7-m\libg.a(lib_a-lseekr.o)
 .debug_frame   0x0000000000003004       0x64 c:/users/administrator/appdata/roaming/xpacks/@gnu-mcu-eclipse/arm-none-eabi-gcc/7.3.1-1.1.1/.content/bin/../lib/gcc/arm-none-eabi/7.3.1/../../../../arm-none-eabi/lib/thumb/v7-m\libg.a(lib_a-makebuf.o)
 .debug_frame   0x0000000000003068       0x30 c:/users/administrator/appdata/roaming/xpacks/@gnu-mcu-eclipse/arm-none-eabi-gcc/7.3.1-1.1.1/.content/bin/../lib/gcc/arm-none-eabi/7.3.1/../../../../arm-none-eabi/lib/thumb/v7-m\libg.a(lib_a-readr.o)
 .debug_frame   0x0000000000003098       0x68 c:/users/administrator/appdata/roaming/xpacks/@gnu-mcu-eclipse/arm-none-eabi-gcc/7.3.1-1.1.1/.content/bin/../lib/gcc/arm-none-eabi/7.3.1/../../../../arm-none-eabi/lib/thumb/v7-m\libg.a(lib_a-reent.o)
 .debug_frame   0x0000000000003100       0x2c c:/users/administrator/appdata/roaming/xpacks/@gnu-mcu-eclipse/arm-none-eabi-gcc/7.3.1-1.1.1/.content/bin/../lib/gcc/arm-none-eabi/7.3.1/../../../../arm-none-eabi/lib/thumb/v7-m\libg.a(lib_a-fstatr.o)
 .debug_frame   0x000000000000312c       0x2c c:/users/administrator/appdata/roaming/xpacks/@gnu-mcu-eclipse/arm-none-eabi-gcc/7.3.1-1.1.1/.content/bin/../lib/gcc/arm-none-eabi/7.3.1/../../../../arm-none-eabi/lib/thumb/v7-m\libg.a(lib_a-isattyr.o)